2026-09-30 20:12:48  Unlayered Infill v0.3.0 loaded (engine ok)
2026-09-30 20:13:05  Unlayered Infill v0.3.0: pipeline step 'posSlice' seen (not ours, ignored)
2026-09-30 20:13:16  Unlayered Infill v0.3.0: pipeline step 'posPerimeters' seen (not ours, ignored)
2026-09-30 20:13:16  Unlayered Infill v0.3.0: pipeline step 'posPrepareInfill' seen (not ours, ignored)
2026-09-30 20:13:16  Unlayered Infill v0.3.0: pipeline step 'posInfill' seen (not ours, ignored)
2026-09-30 20:13:16  Unlayered Infill v0.3.0: pipeline step 'posIroning' seen (not ours, ignored)
2026-09-30 20:13:16  Unlayered Infill v0.3.0: pipeline step 'posContouring' seen (not ours, ignored)
2026-09-30 20:13:16  Unlayered Infill v0.3.0: pipeline step 'posSupportMaterial' seen (not ours, ignored)
2026-09-30 20:13:16  Unlayered Infill v0.3.0: pipeline step 'psWipeTower' seen (not ours, ignored)
2026-09-30 20:13:16  Unlayered Infill v0.3.0: pipeline step 'psSkirtBrim' seen (not ours, ignored)
2026-09-30 20:13:16  Unlayered Infill v0.3.0: pipeline step 'posSimplifyPath' seen (not ours, ignored)
2026-09-30 20:13:37  Unlayered Infill v0.3.0: EXPORT STEP RUNNING
                       file         : C:\Users\kamau\AppData\Local\Temp\orcaslicer_model\Wed_Sep_30\19_39_09#22688#42/Metadata\.2204.0.gcode.pp
                       settings     : amplitude='200%' frequency=1.5 cell_mm='auto' full_strength=False
2026-09-30 20:13:43  Unlayered Infill: DONE -- the G-code was rewritten
                       layer height : 0.300 mm
                       nozzle       : 0.600 mm
                       grid columns : 0.600 mm (auto: one column per nozzle width)
                       amplitude    : 200% of layer height 0.300 mm = 0.600 mm
                       solid skin   : 11 layer height(s) over 1884 column(s)
                       infill runs  : 100
                       moves waved  : 4088  ->  4772 segment(s)
                       largest Z    : 0.300 mm
                       took         : 6.1 s
                       NOTE: Orca's 3D preview will NOT show this. To see it, drag the exported .gcode back into OrcaSlicer.
2026-09-30 20:14:49  Unlayered Infill v0.3.0 loaded (engine ok)
2026-09-30 20:19:16  Unlayered Infill v0.3.0: pipeline step 'posSlice' seen (not ours, ignored)
2026-09-30 20:19:16  Unlayered Infill v0.3.0: pipeline step 'posPerimeters' seen (not ours, ignored)
2026-09-30 20:19:16  Unlayered Infill v0.3.0: pipeline step 'posPrepareInfill' seen (not ours, ignored)
2026-09-30 20:19:16  Unlayered Infill v0.3.0: pipeline step 'posInfill' seen (not ours, ignored)
2026-09-30 20:19:16  Unlayered Infill v0.3.0: pipeline step 'posIroning' seen (not ours, ignored)
2026-09-30 20:19:16  Unlayered Infill v0.3.0: pipeline step 'posContouring' seen (not ours, ignored)
2026-09-30 20:19:16  Unlayered Infill v0.3.0: pipeline step 'posSupportMaterial' seen (not ours, ignored)
2026-09-30 20:19:16  Unlayered Infill v0.3.0: pipeline step 'posDetectOverhangsForLift' seen (not ours, ignored)
2026-09-30 20:19:16  Unlayered Infill v0.3.0: pipeline step 'psWipeTower' seen (not ours, ignored)
2026-09-30 20:19:16  Unlayered Infill v0.3.0: pipeline step 'psSkirtBrim' seen (not ours, ignored)
2026-09-30 20:19:16  Unlayered Infill v0.3.0: pipeline step 'posSimplifyPath' seen (not ours, ignored)
2026-09-30 20:19:56  Unlayered Infill v0.3.0: EXPORT STEP RUNNING
                       file         : C:\Users\kamau\AppData\Local\Temp/orcaslicer_model/Wed_Sep_30/20_19_09#9584#42/Metadata\.9584.0.gcode.pp
                       settings     : amplitude='200%' frequency=1.5 cell_mm='auto' full_strength=False
2026-09-30 20:20:01  Unlayered Infill: DONE -- the G-code was rewritten
                       layer height : 0.300 mm
                       nozzle       : 0.600 mm
                       grid columns : 0.600 mm (auto: one column per nozzle width)
                       amplitude    : 200% of layer height 0.300 mm = 0.600 mm
                       solid skin   : 13 layer height(s) over 1884 column(s)
                       infill runs  : 102
                       moves waved  : 31064  ->  31064 segment(s)
                       largest Z    : 0.300 mm
                       took         : 5.2 s
                       NOTE: Orca's 3D preview will NOT show this. To see it, drag the exported .gcode back into OrcaSlicer.
2026-09-30 20:29:05  Unlayered Infill v0.3.0: EXPORT STEP RUNNING
                       file         : C:\Users\kamau\AppData\Local\Temp/orcaslicer_model/Wed_Sep_30/20_26_55#9584#105/Metadata\.9584.1.gcode.pp
                       settings     : amplitude='200%' frequency=1.5 cell_mm='auto' full_strength=False
2026-09-30 20:29:05  Unlayered Infill: DONE -- the G-code was rewritten
                       layer height : 0.300 mm
                       nozzle       : 0.600 mm
                       grid columns : 0.600 mm (auto: one column per nozzle width)
                       amplitude    : 200% of layer height 0.300 mm = 0.600 mm
                       solid skin   : 13 layer height(s) over 1884 column(s)
                       infill runs  : 102
                       moves waved  : 2843  ->  2843 segment(s)
                       largest Z    : 0.298 mm
                       left flat    : 28221 move(s) with no skin both above and below
                       took         : 0.5 s
                       NOTE: Orca's 3D preview will NOT show this. To see it, drag the exported .gcode back into OrcaSlicer.
2026-09-30 20:36:41  Unlayered Infill v0.3.0: EXPORT STEP RUNNING
                       file         : C:\Users\kamau\AppData\Local\Temp/orcaslicer_model/Wed_Sep_30/20_30_11#9584#147/Metadata\.9584.2.gcode.pp
                       settings     : amplitude='200%' frequency=1.5 cell_mm='auto' full_strength=False
2026-09-30 20:36:42  Unlayered Infill: DONE -- the G-code was rewritten
                       layer height : 0.300 mm
                       nozzle       : 0.600 mm
                       grid columns : 0.600 mm (auto: one column per nozzle width)
                       amplitude    : 200% of layer height 0.300 mm = 0.600 mm
                       solid skin   : 11 layer height(s) over 1884 column(s)
                       infill runs  : 97
                       moves waved  : 11520  ->  11700 segment(s)
                       largest Z    : 0.300 mm
                       took         : 0.4 s
                       NOTE: Orca's 3D preview will NOT show this. To see it, drag the exported .gcode back into OrcaSlicer.
2026-09-30 21:38:23  Unlayered Infill v0.3.1 loaded (engine ok)
2026-09-30 21:38:28  Unlayered Infill v0.3.1: pipeline step 'posSlice' seen (not ours, ignored)
2026-09-30 21:38:28  Unlayered Infill v0.3.1: pipeline step 'posPerimeters' seen (not ours, ignored)
2026-09-30 21:38:28  Unlayered Infill v0.3.1: pipeline step 'posPrepareInfill' seen (not ours, ignored)
2026-09-30 21:38:28  Unlayered Infill v0.3.1: pipeline step 'posInfill' seen (not ours, ignored)
2026-09-30 21:38:28  Unlayered Infill v0.3.1: pipeline step 'posIroning' seen (not ours, ignored)
2026-09-30 21:38:28  Unlayered Infill v0.3.1: pipeline step 'posContouring' seen (not ours, ignored)
2026-09-30 21:38:28  Unlayered Infill v0.3.1: pipeline step 'posSupportMaterial' seen (not ours, ignored)
2026-09-30 21:38:28  Unlayered Infill v0.3.1: pipeline step 'posDetectOverhangsForLift' seen (not ours, ignored)
2026-09-30 21:38:28  Unlayered Infill v0.3.1: pipeline step 'psWipeTower' seen (not ours, ignored)
2026-09-30 21:38:28  Unlayered Infill v0.3.1: pipeline step 'psSkirtBrim' seen (not ours, ignored)
2026-09-30 21:38:28  Unlayered Infill v0.3.1: pipeline step 'posSimplifyPath' seen (not ours, ignored)
2026-09-30 21:40:39  Unlayered Infill v0.3.1: EXPORT STEP RUNNING
                       file         : C:\Users\kamau\AppData\Local\Temp/orcaslicer_model/Wed_Sep_30/21_37_56#9584#195/Metadata\.9584.3.gcode.pp
                       settings     : amplitude='-0.2' frequency=1.5 cell_mm='auto' full_strength=False
2026-09-30 21:40:40  Unlayered Infill: DONE -- the G-code was rewritten
                       layer height : 0.300 mm
                       nozzle       : 0.600 mm
                       grid columns : 0.600 mm (auto: one column per nozzle width)
                       amplitude    : -0.200 mm (fixed value)
                       solid skin   : 11 layer height(s) over 1884 column(s)
                       infill runs  : 97
                       moves waved  : 11520  ->  12432 segment(s)
                       largest Z    : 0.100 mm
                       took         : 0.6 s
                       NOTE: Orca's 3D preview will NOT show this. To see it, drag the exported .gcode back into OrcaSlicer.
2026-09-30 21:42:52  Unlayered Infill v0.3.0 loaded (engine ok)
2026-09-30 21:43:09  Unlayered Infill v0.3.0: pipeline step 'posSlice' seen (not ours, ignored)
2026-09-30 21:43:09  Unlayered Infill v0.3.0: pipeline step 'posPerimeters' seen (not ours, ignored)
2026-09-30 21:43:09  Unlayered Infill v0.3.0: pipeline step 'posPrepareInfill' seen (not ours, ignored)
2026-09-30 21:43:09  Unlayered Infill v0.3.0: pipeline step 'posInfill' seen (not ours, ignored)
2026-09-30 21:43:09  Unlayered Infill v0.3.0: pipeline step 'posIroning' seen (not ours, ignored)
2026-09-30 21:43:09  Unlayered Infill v0.3.0: pipeline step 'posContouring' seen (not ours, ignored)
2026-09-30 21:43:09  Unlayered Infill v0.3.0: pipeline step 'posSupportMaterial' seen (not ours, ignored)
2026-09-30 21:43:09  Unlayered Infill v0.3.0: pipeline step 'posDetectOverhangsForLift' seen (not ours, ignored)
2026-09-30 21:43:09  Unlayered Infill v0.3.0: pipeline step 'psWipeTower' seen (not ours, ignored)
2026-09-30 21:43:09  Unlayered Infill v0.3.0: pipeline step 'psSkirtBrim' seen (not ours, ignored)
2026-09-30 21:43:09  Unlayered Infill v0.3.0: pipeline step 'posSimplifyPath' seen (not ours, ignored)
2026-09-30 21:43:13  Unlayered Infill v0.3.0: EXPORT STEP RUNNING
                       file         : C:\Users\kamau\AppData\Local\Temp/orcaslicer_model/Wed_Sep_30/21_42_23#9584#237/Metadata\.9584.4.gcode.pp
                       settings     : amplitude='200%' frequency=1.5 cell_mm='auto' full_strength=False
2026-09-30 21:43:13  Unlayered Infill: DONE -- the G-code was rewritten
                       layer height : 0.300 mm
                       nozzle       : 0.600 mm
                       grid columns : 0.600 mm (auto: one column per nozzle width)
                       amplitude    : 200% of layer height 0.300 mm = 0.600 mm
                       solid skin   : 11 layer height(s) over 1884 column(s)
                       infill runs  : 97
                       moves waved  : 11520  ->  12432 segment(s)
                       largest Z    : 0.300 mm
                       took         : 0.6 s
                       NOTE: Orca's 3D preview will NOT show this. To see it, drag the exported .gcode back into OrcaSlicer.
2026-09-30 21:44:57  Unlayered Infill v0.3.0: EXPORT STEP RUNNING
                       file         : C:\Users\kamau\AppData\Local\Temp/orcaslicer_model/Wed_Sep_30/21_43_33#9584#279/Metadata\.9584.5.gcode.pp
                       settings     : amplitude='200%' frequency=1.5 cell_mm='auto' full_strength=False
2026-09-30 21:44:58  Unlayered Infill: DONE -- the G-code was rewritten
                       layer height : 0.300 mm
                       nozzle       : 0.600 mm
                       grid columns : 0.600 mm (auto: one column per nozzle width)
                       amplitude    : 200% of layer height 0.300 mm = 0.600 mm
                       solid skin   : 11 layer height(s) over 1884 column(s)
                       infill runs  : 97
                       moves waved  : 11520  ->  12432 segment(s)
                       largest Z    : 0.300 mm
                       took         : 0.6 s
                       NOTE: Orca's 3D preview will NOT show this. To see it, drag the exported .gcode back into OrcaSlicer.
2026-10-01 01:31:29  Unlayered Infill v0.3.2 loaded (engine ok)
2026-10-01 01:32:00  Unlayered Infill v0.3.2: pipeline step 'posSlice' seen (not ours, ignored)
2026-10-01 01:32:00  Unlayered Infill v0.3.2: pipeline step 'posPerimeters' seen (not ours, ignored)
2026-10-01 01:32:00  Unlayered Infill v0.3.2: pipeline step 'posPrepareInfill' seen (not ours, ignored)
2026-10-01 01:32:00  Unlayered Infill v0.3.2: pipeline step 'posInfill' seen (not ours, ignored)
2026-10-01 01:32:00  Unlayered Infill v0.3.2: pipeline step 'posIroning' seen (not ours, ignored)
2026-10-01 01:32:00  Unlayered Infill v0.3.2: pipeline step 'posContouring' seen (not ours, ignored)
2026-10-01 01:32:00  Unlayered Infill v0.3.2: pipeline step 'posSupportMaterial' seen (not ours, ignored)
2026-10-01 01:32:00  Unlayered Infill v0.3.2: pipeline step 'posDetectOverhangsForLift' seen (not ours, ignored)
2026-10-01 01:32:00  Unlayered Infill v0.3.2: pipeline step 'psWipeTower' seen (not ours, ignored)
2026-10-01 01:32:00  Unlayered Infill v0.3.2: pipeline step 'psSkirtBrim' seen (not ours, ignored)
2026-10-01 01:32:00  Unlayered Infill v0.3.2: pipeline step 'posSimplifyPath' seen (not ours, ignored)
2026-10-01 01:32:16  Unlayered Infill v0.3.2: EXPORT STEP RUNNING
                       file         : C:\Users\kamau\AppData\Local\Temp/orcaslicer_model/Wed_Sep_30/23_54_21#9584#327/Metadata\.9584.6.gcode.pp
                       settings     : amplitude='-0.2' frequency=1.5 cell_mm='auto' full_strength=False
2026-10-01 01:32:17  Unlayered Infill: DONE -- the G-code was rewritten
                       layer height : 0.300 mm
                       nozzle       : 0.600 mm
                       grid columns : 0.600 mm (auto: one column per nozzle width)
                       amplitude    : -0.200 mm (fixed value)
                       solid skin   : 11 layer height(s) over 1884 column(s)
                       infill runs  : 97
                       moves waved  : 11520  ->  12432 segment(s)
                       largest Z    : 0.100 mm
                       took         : 0.6 s
                       NOTE: Orca's 3D preview will NOT show this. To see it, drag the exported .gcode back into OrcaSlicer.
2026-10-01 01:34:48  Unlayered Infill v0.3.0 loaded (engine ok)
2026-10-01 01:35:07  Wave Overhangs v0.0.7 loaded
                       numpy/shapely : ok
2026-10-01 01:35:09  Wave Overhangs v0.0.7: plan
                       object           : 69
                       layer_height     : 0.3
                       layers           : 4 planned layer record(s)
                       calibration      : (10.55, -15.0, -15.0)
                       planned_layers   : 4
                       carved_layers    : 0
                       seconds          : 0.022
                       splice_confirmed : True
                       carve_errors     : ['TypeError: __init__(): incompatible constructor arguments. The following argument types are supported:\n    1. orca.host.Polygon()\n\nInvoked with: [[14450000, 14400000], [14450000, -4400000], [14449759, -4404901], [14449039, -4409755], [14447847, -4414514], [14446194, -4419134], [14444096, -4423570], [14441573, -4427779], [14438651, -4431720], [14435355, -4435355], [14431720, -4438651], [14427779, -4441573], [14423570, -4444096], [14419134, -4446194], [14414514, -4447847], [14409755, -4449039], [14404901, -4449759], [14400000, -4450000], [-4400000, -4450000], [-4404901, -4449759], [-4409755, -4449039], [-4414514, -4447847], [-4419134, -4446194], [-4423570, -4444096], [-4427779, -4441573], [-4431720, -4438651], [-4435355, -4435355], [-4438651, -4431720], [-4441573, -4427779], [-4444096, -4423570], [-4446194, -4419134], [-4447847, -4414514], [-4449039, -4409755], [-4449759, -4404901], [-4450000, -4400000], [-4450000, 14400000], [-4449759, 14404901], [-4449039, 14409755], [-4447847, 14414514], [-4446194, 14419134], [-4444096, 14423570], [-4441573, 14427779], [-4438651, 14431720], [-4435355, 14435355], [-4431720, 14438651], [-4427779, 14441573], [-4423570, 14444096], [-4419134, 14446194], [-4414514, 14447847], [-4409755, 14449039], [-4404901, 14449759], [-4400000, 14450000], [14400000, 14450000], [14404901, 14449759], [14409755, 14449039], [14414514, 14447847], [14419134, 14446194], [14423570, 14444096], [14427779, 14441573], [14431720, 14438651], [14435355, 14435355], [14438651, 14431720], [14441573, 14427779], [14444096, 14423570], [14446194, 14419134], [14447847, 14414514], [14449039, 14409755], [14449759, 14404901], [14450000, 14400000]]', 'TypeError: __init__(): incompatible constructor arguments. The following argument types are supported:\n    1. orca.host.Polygon()\n\nInvoked with: [[14650000, 14600000], [14650000, -4600000], [14649759, -4604901], [14649039, -4609755], [14647847, -4614514], [14646194, -4619134], [14644096, -4623570], [14641573, -4627779], [14638651, -4631720], [14635355, -4635355], [14631720, -4638651], [14627779, -4641573], [14623570, -4644096], [14619134, -4646194], [14614514, -4647847], [14609755, -4649039], [14604901, -4649759], [14600000, -4650000], [-4600000, -4650000], [-4604901, -4649759], [-4609755, -4649039], [-4614514, -4647847], [-4619134, -4646194], [-4623570, -4644096], [-4627779, -4641573], [-4631720, -4638651], [-4635355, -4635355], [-4638651, -4631720], [-4641573, -4627779], [-4644096, -4623570], [-4646194, -4619134], [-4647847, -4614514], [-4649039, -4609755], [-4649759, -4604901], [-4650000, -4600000], [-4650000, 14600000], [-4649759, 14604901], [-4649039, 14609755], [-4647847, 14614514], [-4646194, 14619134], [-4644096, 14623570], [-4641573, 14627779], [-4638651, 14631720], [-4635355, 14635355], [-4631720, 14638651], [-4627779, 14641573], [-4623570, 14644096], [-4619134, 14646194], [-4614514, 14647847], [-4609755, 14649039], [-4604901, 14649759], [-4600000, 14650000], [14600000, 14650000], [14604901, 14649759], [14609755, 14649039], [14614514, 14647847], [14619134, 14646194], [14623570, 14644096], [14627779, 14641573], [14631720, 14638651], [14635355, 14635355], [14638651, 14631720], [14641573, 14627779], [14644096, 14623570], [14646194, 14619134], [14647847, 14614514], [14649039, 14609755], [14649759, 14604901], [14650000, 14600000]]', 'TypeError: __init__(): incompatible constructor arguments. The following argument types are supported:\n    1. orca.host.Polygon()\n\nInvoked with: [[14850000, 14800000], [14850000, -4800000], [14849759, -4804901], [14849039, -4809755], [14847847, -4814514], [14846194, -4819134], [14844096, -4823570], [14841573, -4827779], [14838651, -4831720], [14835355, -4835355], [14831720, -4838651], [14827779, -4841573], [14823570, -4844096], [14819134, -4846194], [14814514, -4847847], [14809755, -4849039], [14804901, -4849759], [14800000, -4850000], [-4800000, -4850000], [-4804901, -4849759], [-4809755, -4849039], [-4814514, -4847847], [-4819134, -4846194], [-4823570, -4844096], [-4827779, -4841573], [-4831720, -4838651], [-4835355, -4835355], [-4838651, -4831720], [-4841573, -4827779], [-4844096, -4823570], [-4846194, -4819134], [-4847847, -4814514], [-4849039, -4809755], [-4849759, -4804901], [-4850000, -4800000], [-4850000, 14800000], [-4849759, 14804901], [-4849039, 14809755], [-4847847, 14814514], [-4846194, 14819134], [-4844096, 14823570], [-4841573, 14827779], [-4838651, 14831720], [-4835355, 14835355], [-4831720, 14838651], [-4827779, 14841573], [-4823570, 14844096], [-4819134, 14846194], [-4814514, 14847847], [-4809755, 14849039], [-4804901, 14849759], [-4800000, 14850000], [14800000, 14850000], [14804901, 14849759], [14809755, 14849039], [14814514, 14847847], [14819134, 14846194], [14823570, 14844096], [14827779, 14841573], [14831720, 14838651], [14835355, 14835355], [14838651, 14831720], [14841573, 14827779], [14844096, 14823570], [14846194, 14819134], [14847847, 14814514], [14849039, 14809755], [14849759, 14804901], [14850000, 14800000]]', 'TypeError: __init__(): incompatible constructor arguments. The following argument types are supported:\n    1. orca.host.Polygon()\n\nInvoked with: [[-5000000, 5000000], [-5000000, 15000000], [15000000, 15000000], [15000000, -5000000], [5000000, -5000000], [5000000, -5050000], [-5000000, -5050000], [-5004901, -5049759], [-5009755, -5049039], [-5014514, -5047847], [-5019134, -5046194], [-5023570, -5044096], [-5027779, -5041573], [-5031720, -5038651], [-5035355, -5035355], [-5038651, -5031720], [-5041573, -5027779], [-5044096, -5023570], [-5046194, -5019134], [-5047847, -5014514], [-5049039, -5009755], [-5049759, -5004901], [-5050000, -5000000], [-5050000, 5000000], [-5000000, 5000000]]']
2026-10-01 01:35:09  Unlayered Infill v0.3.0: pipeline step 'posSlice' seen (not ours, ignored)
2026-10-01 01:35:11  Unlayered Infill v0.3.0: pipeline step 'posPerimeters' seen (not ours, ignored)
2026-10-01 01:35:11  Unlayered Infill v0.3.0: pipeline step 'posPrepareInfill' seen (not ours, ignored)
2026-10-01 01:35:11  Unlayered Infill v0.3.0: pipeline step 'posInfill' seen (not ours, ignored)
2026-10-01 01:35:11  Unlayered Infill v0.3.0: pipeline step 'posIroning' seen (not ours, ignored)
2026-10-01 01:35:11  Unlayered Infill v0.3.0: pipeline step 'posContouring' seen (not ours, ignored)
2026-10-01 01:35:11  Unlayered Infill v0.3.0: pipeline step 'posSupportMaterial' seen (not ours, ignored)
2026-10-01 01:35:11  Unlayered Infill v0.3.0: pipeline step 'posDetectOverhangsForLift' seen (not ours, ignored)
2026-10-01 01:35:11  Unlayered Infill v0.3.0: pipeline step 'psWipeTower' seen (not ours, ignored)
2026-10-01 01:35:11  Unlayered Infill v0.3.0: pipeline step 'psSkirtBrim' seen (not ours, ignored)
2026-10-01 01:35:11  Unlayered Infill v0.3.0: pipeline step 'posSimplifyPath' seen (not ours, ignored)
2026-10-01 01:35:22  Wave Overhangs v0.0.7: gcode
                       spliced_layers   : 0
                       applied_offset   : [0.0, 0.0]
                       seconds          : 0.045
2026-10-01 01:35:22  Unlayered Infill v0.3.0: EXPORT STEP RUNNING
                       file         : C:\Users\kamau\AppData\Local\Temp/orcaslicer_model/Thu_Oct_01/01_33_14#29792#42/Metadata\.29792.0.gcode.pp
                       settings     : amplitude='200%' frequency=1.5 cell_mm='auto' full_strength=False
2026-10-01 01:35:25  Unlayered Infill: DONE -- the G-code was rewritten
                       layer height : 0.300 mm
                       nozzle       : 0.600 mm
                       grid columns : 0.600 mm (auto: one column per nozzle width)
                       amplitude    : 200% of layer height 0.300 mm = 0.600 mm
                       solid skin   : 11 layer height(s) over 1884 column(s)
                       infill runs  : 97
                       moves waved  : 11520  ->  12432 segment(s)
                       largest Z    : 0.300 mm
                       took         : 2.9 s
                       NOTE: Orca's 3D preview will NOT show this. To see it, drag the exported .gcode back into OrcaSlicer.
2026-10-01 01:56:34  Wave Overhangs v0.0.7: plan
                       object           : 184
                       layer_height     : 0.3
                       layers           : 4 planned layer record(s)
                       calibration      : (10.55, -15.0, -15.0)
                       planned_layers   : 4
                       carved_layers    : 0
                       seconds          : 0.021
                       splice_confirmed : True
                       carve_errors     : ['TypeError: __init__(): incompatible constructor arguments. The following argument types are supported:\n    1. orca.host.Polygon()\n\nInvoked with: [[14450000, 14400000], [14450000, -4400000], [14449759, -4404901], [14449039, -4409755], [14447847, -4414514], [14446194, -4419134], [14444096, -4423570], [14441573, -4427779], [14438651, -4431720], [14435355, -4435355], [14431720, -4438651], [14427779, -4441573], [14423570, -4444096], [14419134, -4446194], [14414514, -4447847], [14409755, -4449039], [14404901, -4449759], [14400000, -4450000], [-4400000, -4450000], [-4404901, -4449759], [-4409755, -4449039], [-4414514, -4447847], [-4419134, -4446194], [-4423570, -4444096], [-4427779, -4441573], [-4431720, -4438651], [-4435355, -4435355], [-4438651, -4431720], [-4441573, -4427779], [-4444096, -4423570], [-4446194, -4419134], [-4447847, -4414514], [-4449039, -4409755], [-4449759, -4404901], [-4450000, -4400000], [-4450000, 14400000], [-4449759, 14404901], [-4449039, 14409755], [-4447847, 14414514], [-4446194, 14419134], [-4444096, 14423570], [-4441573, 14427779], [-4438651, 14431720], [-4435355, 14435355], [-4431720, 14438651], [-4427779, 14441573], [-4423570, 14444096], [-4419134, 14446194], [-4414514, 14447847], [-4409755, 14449039], [-4404901, 14449759], [-4400000, 14450000], [14400000, 14450000], [14404901, 14449759], [14409755, 14449039], [14414514, 14447847], [14419134, 14446194], [14423570, 14444096], [14427779, 14441573], [14431720, 14438651], [14435355, 14435355], [14438651, 14431720], [14441573, 14427779], [14444096, 14423570], [14446194, 14419134], [14447847, 14414514], [14449039, 14409755], [14449759, 14404901], [14450000, 14400000]]', 'TypeError: __init__(): incompatible constructor arguments. The following argument types are supported:\n    1. orca.host.Polygon()\n\nInvoked with: [[14650000, 14600000], [14650000, -4600000], [14649759, -4604901], [14649039, -4609755], [14647847, -4614514], [14646194, -4619134], [14644096, -4623570], [14641573, -4627779], [14638651, -4631720], [14635355, -4635355], [14631720, -4638651], [14627779, -4641573], [14623570, -4644096], [14619134, -4646194], [14614514, -4647847], [14609755, -4649039], [14604901, -4649759], [14600000, -4650000], [-4600000, -4650000], [-4604901, -4649759], [-4609755, -4649039], [-4614514, -4647847], [-4619134, -4646194], [-4623570, -4644096], [-4627779, -4641573], [-4631720, -4638651], [-4635355, -4635355], [-4638651, -4631720], [-4641573, -4627779], [-4644096, -4623570], [-4646194, -4619134], [-4647847, -4614514], [-4649039, -4609755], [-4649759, -4604901], [-4650000, -4600000], [-4650000, 14600000], [-4649759, 14604901], [-4649039, 14609755], [-4647847, 14614514], [-4646194, 14619134], [-4644096, 14623570], [-4641573, 14627779], [-4638651, 14631720], [-4635355, 14635355], [-4631720, 14638651], [-4627779, 14641573], [-4623570, 14644096], [-4619134, 14646194], [-4614514, 14647847], [-4609755, 14649039], [-4604901, 14649759], [-4600000, 14650000], [14600000, 14650000], [14604901, 14649759], [14609755, 14649039], [14614514, 14647847], [14619134, 14646194], [14623570, 14644096], [14627779, 14641573], [14631720, 14638651], [14635355, 14635355], [14638651, 14631720], [14641573, 14627779], [14644096, 14623570], [14646194, 14619134], [14647847, 14614514], [14649039, 14609755], [14649759, 14604901], [14650000, 14600000]]', 'TypeError: __init__(): incompatible constructor arguments. The following argument types are supported:\n    1. orca.host.Polygon()\n\nInvoked with: [[14850000, 14800000], [14850000, -4800000], [14849759, -4804901], [14849039, -4809755], [14847847, -4814514], [14846194, -4819134], [14844096, -4823570], [14841573, -4827779], [14838651, -4831720], [14835355, -4835355], [14831720, -4838651], [14827779, -4841573], [14823570, -4844096], [14819134, -4846194], [14814514, -4847847], [14809755, -4849039], [14804901, -4849759], [14800000, -4850000], [-4800000, -4850000], [-4804901, -4849759], [-4809755, -4849039], [-4814514, -4847847], [-4819134, -4846194], [-4823570, -4844096], [-4827779, -4841573], [-4831720, -4838651], [-4835355, -4835355], [-4838651, -4831720], [-4841573, -4827779], [-4844096, -4823570], [-4846194, -4819134], [-4847847, -4814514], [-4849039, -4809755], [-4849759, -4804901], [-4850000, -4800000], [-4850000, 14800000], [-4849759, 14804901], [-4849039, 14809755], [-4847847, 14814514], [-4846194, 14819134], [-4844096, 14823570], [-4841573, 14827779], [-4838651, 14831720], [-4835355, 14835355], [-4831720, 14838651], [-4827779, 14841573], [-4823570, 14844096], [-4819134, 14846194], [-4814514, 14847847], [-4809755, 14849039], [-4804901, 14849759], [-4800000, 14850000], [14800000, 14850000], [14804901, 14849759], [14809755, 14849039], [14814514, 14847847], [14819134, 14846194], [14823570, 14844096], [14827779, 14841573], [14831720, 14838651], [14835355, 14835355], [14838651, 14831720], [14841573, 14827779], [14844096, 14823570], [14846194, 14819134], [14847847, 14814514], [14849039, 14809755], [14849759, 14804901], [14850000, 14800000]]', 'TypeError: __init__(): incompatible constructor arguments. The following argument types are supported:\n    1. orca.host.Polygon()\n\nInvoked with: [[-5000000, 5000000], [-5000000, 15000000], [15000000, 15000000], [15000000, -5000000], [5000000, -5000000], [5000000, -5050000], [-5000000, -5050000], [-5004901, -5049759], [-5009755, -5049039], [-5014514, -5047847], [-5019134, -5046194], [-5023570, -5044096], [-5027779, -5041573], [-5031720, -5038651], [-5035355, -5035355], [-5038651, -5031720], [-5041573, -5027779], [-5044096, -5023570], [-5046194, -5019134], [-5047847, -5014514], [-5049039, -5009755], [-5049759, -5004901], [-5050000, -5000000], [-5050000, 5000000], [-5000000, 5000000]]']
2026-10-01 01:57:50  Unlayered Infill v0.3.0 loaded (engine ok)
2026-10-01 01:58:24  Unlayered Infill v0.3.0: pipeline step 'posSlice' seen (not ours, ignored)
2026-10-01 01:58:24  Wave Overhangs v0.0.7: plan
                       object           : 184
                       layer_height     : 0.3
                       layers           : 4 planned layer record(s)
                       calibration      : (10.55, -15.0, -15.0)
                       planned_layers   : 4
                       carved_layers    : 0
                       seconds          : 0.024
                       splice_confirmed : True
                       carve_errors     : ['TypeError: __init__(): incompatible constructor arguments. The following argument types are supported:\n    1. orca.host.Polygon()\n\nInvoked with: [[14450000, 14400000], [14450000, -4400000], [14449759, -4404901], [14449039, -4409755], [14447847, -4414514], [14446194, -4419134], [14444096, -4423570], [14441573, -4427779], [14438651, -4431720], [14435355, -4435355], [14431720, -4438651], [14427779, -4441573], [14423570, -4444096], [14419134, -4446194], [14414514, -4447847], [14409755, -4449039], [14404901, -4449759], [14400000, -4450000], [-4400000, -4450000], [-4404901, -4449759], [-4409755, -4449039], [-4414514, -4447847], [-4419134, -4446194], [-4423570, -4444096], [-4427779, -4441573], [-4431720, -4438651], [-4435355, -4435355], [-4438651, -4431720], [-4441573, -4427779], [-4444096, -4423570], [-4446194, -4419134], [-4447847, -4414514], [-4449039, -4409755], [-4449759, -4404901], [-4450000, -4400000], [-4450000, 14400000], [-4449759, 14404901], [-4449039, 14409755], [-4447847, 14414514], [-4446194, 14419134], [-4444096, 14423570], [-4441573, 14427779], [-4438651, 14431720], [-4435355, 14435355], [-4431720, 14438651], [-4427779, 14441573], [-4423570, 14444096], [-4419134, 14446194], [-4414514, 14447847], [-4409755, 14449039], [-4404901, 14449759], [-4400000, 14450000], [14400000, 14450000], [14404901, 14449759], [14409755, 14449039], [14414514, 14447847], [14419134, 14446194], [14423570, 14444096], [14427779, 14441573], [14431720, 14438651], [14435355, 14435355], [14438651, 14431720], [14441573, 14427779], [14444096, 14423570], [14446194, 14419134], [14447847, 14414514], [14449039, 14409755], [14449759, 14404901], [14450000, 14400000]]', 'TypeError: __init__(): incompatible constructor arguments. The following argument types are supported:\n    1. orca.host.Polygon()\n\nInvoked with: [[14650000, 14600000], [14650000, -4600000], [14649759, -4604901], [14649039, -4609755], [14647847, -4614514], [14646194, -4619134], [14644096, -4623570], [14641573, -4627779], [14638651, -4631720], [14635355, -4635355], [14631720, -4638651], [14627779, -4641573], [14623570, -4644096], [14619134, -4646194], [14614514, -4647847], [14609755, -4649039], [14604901, -4649759], [14600000, -4650000], [-4600000, -4650000], [-4604901, -4649759], [-4609755, -4649039], [-4614514, -4647847], [-4619134, -4646194], [-4623570, -4644096], [-4627779, -4641573], [-4631720, -4638651], [-4635355, -4635355], [-4638651, -4631720], [-4641573, -4627779], [-4644096, -4623570], [-4646194, -4619134], [-4647847, -4614514], [-4649039, -4609755], [-4649759, -4604901], [-4650000, -4600000], [-4650000, 14600000], [-4649759, 14604901], [-4649039, 14609755], [-4647847, 14614514], [-4646194, 14619134], [-4644096, 14623570], [-4641573, 14627779], [-4638651, 14631720], [-4635355, 14635355], [-4631720, 14638651], [-4627779, 14641573], [-4623570, 14644096], [-4619134, 14646194], [-4614514, 14647847], [-4609755, 14649039], [-4604901, 14649759], [-4600000, 14650000], [14600000, 14650000], [14604901, 14649759], [14609755, 14649039], [14614514, 14647847], [14619134, 14646194], [14623570, 14644096], [14627779, 14641573], [14631720, 14638651], [14635355, 14635355], [14638651, 14631720], [14641573, 14627779], [14644096, 14623570], [14646194, 14619134], [14647847, 14614514], [14649039, 14609755], [14649759, 14604901], [14650000, 14600000]]', 'TypeError: __init__(): incompatible constructor arguments. The following argument types are supported:\n    1. orca.host.Polygon()\n\nInvoked with: [[14850000, 14800000], [14850000, -4800000], [14849759, -4804901], [14849039, -4809755], [14847847, -4814514], [14846194, -4819134], [14844096, -4823570], [14841573, -4827779], [14838651, -4831720], [14835355, -4835355], [14831720, -4838651], [14827779, -4841573], [14823570, -4844096], [14819134, -4846194], [14814514, -4847847], [14809755, -4849039], [14804901, -4849759], [14800000, -4850000], [-4800000, -4850000], [-4804901, -4849759], [-4809755, -4849039], [-4814514, -4847847], [-4819134, -4846194], [-4823570, -4844096], [-4827779, -4841573], [-4831720, -4838651], [-4835355, -4835355], [-4838651, -4831720], [-4841573, -4827779], [-4844096, -4823570], [-4846194, -4819134], [-4847847, -4814514], [-4849039, -4809755], [-4849759, -4804901], [-4850000, -4800000], [-4850000, 14800000], [-4849759, 14804901], [-4849039, 14809755], [-4847847, 14814514], [-4846194, 14819134], [-4844096, 14823570], [-4841573, 14827779], [-4838651, 14831720], [-4835355, 14835355], [-4831720, 14838651], [-4827779, 14841573], [-4823570, 14844096], [-4819134, 14846194], [-4814514, 14847847], [-4809755, 14849039], [-4804901, 14849759], [-4800000, 14850000], [14800000, 14850000], [14804901, 14849759], [14809755, 14849039], [14814514, 14847847], [14819134, 14846194], [14823570, 14844096], [14827779, 14841573], [14831720, 14838651], [14835355, 14835355], [14838651, 14831720], [14841573, 14827779], [14844096, 14823570], [14846194, 14819134], [14847847, 14814514], [14849039, 14809755], [14849759, 14804901], [14850000, 14800000]]', 'TypeError: __init__(): incompatible constructor arguments. The following argument types are supported:\n    1. orca.host.Polygon()\n\nInvoked with: [[-5000000, 5000000], [-5000000, 15000000], [15000000, 15000000], [15000000, -5000000], [5000000, -5000000], [5000000, -5050000], [-5000000, -5050000], [-5004901, -5049759], [-5009755, -5049039], [-5014514, -5047847], [-5019134, -5046194], [-5023570, -5044096], [-5027779, -5041573], [-5031720, -5038651], [-5035355, -5035355], [-5038651, -5031720], [-5041573, -5027779], [-5044096, -5023570], [-5046194, -5019134], [-5047847, -5014514], [-5049039, -5009755], [-5049759, -5004901], [-5050000, -5000000], [-5050000, 5000000], [-5000000, 5000000]]']
2026-10-01 01:58:24  Unlayered Infill v0.3.0: pipeline step 'posPerimeters' seen (not ours, ignored)
2026-10-01 01:58:24  Unlayered Infill v0.3.0: pipeline step 'posPrepareInfill' seen (not ours, ignored)
2026-10-01 01:58:24  Unlayered Infill v0.3.0: pipeline step 'posInfill' seen (not ours, ignored)
2026-10-01 01:58:24  Unlayered Infill v0.3.0: pipeline step 'posIroning' seen (not ours, ignored)
2026-10-01 01:58:24  Unlayered Infill v0.3.0: pipeline step 'posContouring' seen (not ours, ignored)
2026-10-01 01:58:24  Unlayered Infill v0.3.0: pipeline step 'posSupportMaterial' seen (not ours, ignored)
2026-10-01 01:58:24  Unlayered Infill v0.3.0: pipeline step 'psWipeTower' seen (not ours, ignored)
2026-10-01 01:58:24  Unlayered Infill v0.3.0: pipeline step 'psSkirtBrim' seen (not ours, ignored)
2026-10-01 01:58:24  Unlayered Infill v0.3.0: pipeline step 'posSimplifyPath' seen (not ours, ignored)
2026-10-01 01:58:32  Unlayered Infill v0.3.0: EXPORT STEP RUNNING
                       file         : C:\Users\kamau\AppData\Local\Temp/orcaslicer_model/Thu_Oct_01/01_55_41#29792#157/Metadata\.29792.1.gcode.pp
                       settings     : amplitude='200%' frequency=1.5 cell_mm='auto' full_strength=False
2026-10-01 01:58:33  Unlayered Infill: DONE -- the G-code was rewritten
                       layer height : 0.300 mm
                       nozzle       : 0.600 mm
                       grid columns : 0.600 mm (auto: one column per nozzle width)
                       amplitude    : 200% of layer height 0.300 mm = 0.600 mm
                       solid skin   : 11 layer height(s) over 1884 column(s)
                       infill runs  : 97
                       moves waved  : 11520  ->  12432 segment(s)
                       largest Z    : 0.300 mm
                       took         : 0.6 s
                       NOTE: Orca's 3D preview will NOT show this. To see it, drag the exported .gcode back into OrcaSlicer.
2026-10-01 01:58:33  Wave Overhangs v0.0.7: gcode
                       spliced_layers   : 0
                       applied_offset   : [0.0, 0.0]
                       seconds          : 0.043
2026-10-01 01:59:50  Unlayered Infill v0.3.0 loaded (engine ok)
2026-10-01 02:02:44  Unlayered Infill v0.3.0 loaded (engine ok)
2026-10-01 02:02:45  Unlayered Infill v0.3.0 loaded (engine ok)
2026-10-01 02:02:55  Unlayered Infill v0.3.3 loaded (engine ok)
2026-10-01 02:02:56  Unlayered Infill v0.3.3: pipeline step 'posSlice' seen (not ours, ignored)
2026-10-01 02:02:56  Unlayered Infill v0.3.3: pipeline step 'posPerimeters' seen (not ours, ignored)
2026-10-01 02:02:56  Unlayered Infill v0.3.3: pipeline step 'posPrepareInfill' seen (not ours, ignored)
2026-10-01 02:02:56  Unlayered Infill v0.3.3: pipeline step 'posInfill' seen (not ours, ignored)
2026-10-01 02:02:56  Unlayered Infill v0.3.3: pipeline step 'posIroning' seen (not ours, ignored)
2026-10-01 02:02:56  Unlayered Infill v0.3.3: pipeline step 'posContouring' seen (not ours, ignored)
2026-10-01 02:02:56  Unlayered Infill v0.3.3: pipeline step 'posSupportMaterial' seen (not ours, ignored)
2026-10-01 02:02:56  Unlayered Infill v0.3.3: pipeline step 'posDetectOverhangsForLift' seen (not ours, ignored)
2026-10-01 02:02:56  Unlayered Infill v0.3.3: pipeline step 'psWipeTower' seen (not ours, ignored)
2026-10-01 02:02:56  Unlayered Infill v0.3.3: pipeline step 'psSkirtBrim' seen (not ours, ignored)
2026-10-01 02:02:56  Unlayered Infill v0.3.3: pipeline step 'posSimplifyPath' seen (not ours, ignored)
2026-10-01 02:04:40  Wave Overhangs v0.0.7 loaded
                       numpy/shapely : ok
2026-10-01 02:04:40  Wave Overhangs v0.0.7: plan
                       object           : 90
                       layer_height     : 0.3
                       layers           : 4 planned layer record(s)
                       calibration      : (10.55, -15.0, -15.0)
                       planned_layers   : 4
                       carved_layers    : 0
                       seconds          : 0.025
                       splice_confirmed : True
                       carve_errors     : ['TypeError: __init__(): incompatible constructor arguments. The following argument types are supported:\n    1. orca.host.Polygon()\n\nInvoked with: [[14450000, 14400000], [14450000, -4400000], [14449759, -4404901], [14449039, -4409755], [14447847, -4414514], [14446194, -4419134], [14444096, -4423570], [14441573, -4427779], [14438651, -4431720], [14435355, -4435355], [14431720, -4438651], [14427779, -4441573], [14423570, -4444096], [14419134, -4446194], [14414514, -4447847], [14409755, -4449039], [14404901, -4449759], [14400000, -4450000], [-4400000, -4450000], [-4404901, -4449759], [-4409755, -4449039], [-4414514, -4447847], [-4419134, -4446194], [-4423570, -4444096], [-4427779, -4441573], [-4431720, -4438651], [-4435355, -4435355], [-4438651, -4431720], [-4441573, -4427779], [-4444096, -4423570], [-4446194, -4419134], [-4447847, -4414514], [-4449039, -4409755], [-4449759, -4404901], [-4450000, -4400000], [-4450000, 14400000], [-4449759, 14404901], [-4449039, 14409755], [-4447847, 14414514], [-4446194, 14419134], [-4444096, 14423570], [-4441573, 14427779], [-4438651, 14431720], [-4435355, 14435355], [-4431720, 14438651], [-4427779, 14441573], [-4423570, 14444096], [-4419134, 14446194], [-4414514, 14447847], [-4409755, 14449039], [-4404901, 14449759], [-4400000, 14450000], [14400000, 14450000], [14404901, 14449759], [14409755, 14449039], [14414514, 14447847], [14419134, 14446194], [14423570, 14444096], [14427779, 14441573], [14431720, 14438651], [14435355, 14435355], [14438651, 14431720], [14441573, 14427779], [14444096, 14423570], [14446194, 14419134], [14447847, 14414514], [14449039, 14409755], [14449759, 14404901], [14450000, 14400000]]', 'TypeError: __init__(): incompatible constructor arguments. The following argument types are supported:\n    1. orca.host.Polygon()\n\nInvoked with: [[14650000, 14600000], [14650000, -4600000], [14649759, -4604901], [14649039, -4609755], [14647847, -4614514], [14646194, -4619134], [14644096, -4623570], [14641573, -4627779], [14638651, -4631720], [14635355, -4635355], [14631720, -4638651], [14627779, -4641573], [14623570, -4644096], [14619134, -4646194], [14614514, -4647847], [14609755, -4649039], [14604901, -4649759], [14600000, -4650000], [-4600000, -4650000], [-4604901, -4649759], [-4609755, -4649039], [-4614514, -4647847], [-4619134, -4646194], [-4623570, -4644096], [-4627779, -4641573], [-4631720, -4638651], [-4635355, -4635355], [-4638651, -4631720], [-4641573, -4627779], [-4644096, -4623570], [-4646194, -4619134], [-4647847, -4614514], [-4649039, -4609755], [-4649759, -4604901], [-4650000, -4600000], [-4650000, 14600000], [-4649759, 14604901], [-4649039, 14609755], [-4647847, 14614514], [-4646194, 14619134], [-4644096, 14623570], [-4641573, 14627779], [-4638651, 14631720], [-4635355, 14635355], [-4631720, 14638651], [-4627779, 14641573], [-4623570, 14644096], [-4619134, 14646194], [-4614514, 14647847], [-4609755, 14649039], [-4604901, 14649759], [-4600000, 14650000], [14600000, 14650000], [14604901, 14649759], [14609755, 14649039], [14614514, 14647847], [14619134, 14646194], [14623570, 14644096], [14627779, 14641573], [14631720, 14638651], [14635355, 14635355], [14638651, 14631720], [14641573, 14627779], [14644096, 14623570], [14646194, 14619134], [14647847, 14614514], [14649039, 14609755], [14649759, 14604901], [14650000, 14600000]]', 'TypeError: __init__(): incompatible constructor arguments. The following argument types are supported:\n    1. orca.host.Polygon()\n\nInvoked with: [[14850000, 14800000], [14850000, -4800000], [14849759, -4804901], [14849039, -4809755], [14847847, -4814514], [14846194, -4819134], [14844096, -4823570], [14841573, -4827779], [14838651, -4831720], [14835355, -4835355], [14831720, -4838651], [14827779, -4841573], [14823570, -4844096], [14819134, -4846194], [14814514, -4847847], [14809755, -4849039], [14804901, -4849759], [14800000, -4850000], [-4800000, -4850000], [-4804901, -4849759], [-4809755, -4849039], [-4814514, -4847847], [-4819134, -4846194], [-4823570, -4844096], [-4827779, -4841573], [-4831720, -4838651], [-4835355, -4835355], [-4838651, -4831720], [-4841573, -4827779], [-4844096, -4823570], [-4846194, -4819134], [-4847847, -4814514], [-4849039, -4809755], [-4849759, -4804901], [-4850000, -4800000], [-4850000, 14800000], [-4849759, 14804901], [-4849039, 14809755], [-4847847, 14814514], [-4846194, 14819134], [-4844096, 14823570], [-4841573, 14827779], [-4838651, 14831720], [-4835355, 14835355], [-4831720, 14838651], [-4827779, 14841573], [-4823570, 14844096], [-4819134, 14846194], [-4814514, 14847847], [-4809755, 14849039], [-4804901, 14849759], [-4800000, 14850000], [14800000, 14850000], [14804901, 14849759], [14809755, 14849039], [14814514, 14847847], [14819134, 14846194], [14823570, 14844096], [14827779, 14841573], [14831720, 14838651], [14835355, 14835355], [14838651, 14831720], [14841573, 14827779], [14844096, 14823570], [14846194, 14819134], [14847847, 14814514], [14849039, 14809755], [14849759, 14804901], [14850000, 14800000]]', 'TypeError: __init__(): incompatible constructor arguments. The following argument types are supported:\n    1. orca.host.Polygon()\n\nInvoked with: [[-5000000, 5000000], [-5000000, 15000000], [15000000, 15000000], [15000000, -5000000], [5000000, -5000000], [5000000, -5050000], [-5000000, -5050000], [-5004901, -5049759], [-5009755, -5049039], [-5014514, -5047847], [-5019134, -5046194], [-5023570, -5044096], [-5027779, -5041573], [-5031720, -5038651], [-5035355, -5035355], [-5038651, -5031720], [-5041573, -5027779], [-5044096, -5023570], [-5046194, -5019134], [-5047847, -5014514], [-5049039, -5009755], [-5049759, -5004901], [-5050000, -5000000], [-5050000, 5000000], [-5000000, 5000000]]']
2026-10-01 02:04:40  Unlayered Infill v0.3.3 loaded (engine ok)
2026-10-01 02:04:42  Unlayered Infill v0.3.3: pipeline step 'posSlice' seen (not ours, ignored)
2026-10-01 02:04:42  Unlayered Infill v0.3.3: pipeline step 'posPerimeters' seen (not ours, ignored)
2026-10-01 02:04:42  Unlayered Infill v0.3.3: pipeline step 'posPrepareInfill' seen (not ours, ignored)
2026-10-01 02:04:42  Unlayered Infill v0.3.3: pipeline step 'posInfill' seen (not ours, ignored)
2026-10-01 02:04:42  Unlayered Infill v0.3.3: pipeline step 'posIroning' seen (not ours, ignored)
2026-10-01 02:04:42  Unlayered Infill v0.3.3: pipeline step 'posContouring' seen (not ours, ignored)
2026-10-01 02:04:42  Unlayered Infill v0.3.3: pipeline step 'posSupportMaterial' seen (not ours, ignored)
2026-10-01 02:04:42  Unlayered Infill v0.3.3: pipeline step 'psWipeTower' seen (not ours, ignored)
2026-10-01 02:04:42  Unlayered Infill v0.3.3: pipeline step 'psSkirtBrim' seen (not ours, ignored)
2026-10-01 02:04:42  Unlayered Infill v0.3.3: pipeline step 'posSimplifyPath' seen (not ours, ignored)
2026-10-01 02:04:48  Wave Overhangs v0.0.7: gcode
                       spliced_layers   : 0
                       applied_offset   : [0.0, 0.0]
                       seconds          : 0.044
2026-10-01 02:04:48  Unlayered Infill v0.3.3: EXPORT STEP RUNNING
                       file         : C:\Users\kamau\AppData\Local\Temp/orcaslicer_model/Thu_Oct_01/02_00_15#18568#63/Metadata\.18568.0.gcode.pp
                       settings     : amplitude='-0.2' frequency=1.5 cell_mm='auto' full_strength=False
2026-10-01 02:04:52  Unlayered Infill: DONE -- the G-code was rewritten
                       layer height : 0.300 mm
                       nozzle       : 0.600 mm
                       grid columns : 0.600 mm (auto: one column per nozzle width)
                       amplitude    : -0.200 mm (fixed value)
                       solid skin   : 11 layer height(s) over 1884 column(s)
                       infill runs  : 97
                       moves waved  : 11520  ->  12432 segment(s)
                       largest Z    : 0.100 mm
                       took         : 4.3 s
                       NOTE: Orca's 3D preview will NOT show this. To see it, drag the exported .gcode back into OrcaSlicer.
2026-10-01 02:05:49  Wave Overhangs v0.0.7: plan
                       object           : 134
                       layer_height     : 0.3
                       layers           : 4 planned layer record(s)
                       calibration      : (10.55, -15.0, -15.0)
                       planned_layers   : 4
                       carved_layers    : 0
                       seconds          : 0.025
                       splice_confirmed : True
                       carve_errors     : ['TypeError: __init__(): incompatible constructor arguments. The following argument types are supported:\n    1. orca.host.Polygon()\n\nInvoked with: [[14450000, 14400000], [14450000, -4400000], [14449759, -4404901], [14449039, -4409755], [14447847, -4414514], [14446194, -4419134], [14444096, -4423570], [14441573, -4427779], [14438651, -4431720], [14435355, -4435355], [14431720, -4438651], [14427779, -4441573], [14423570, -4444096], [14419134, -4446194], [14414514, -4447847], [14409755, -4449039], [14404901, -4449759], [14400000, -4450000], [-4400000, -4450000], [-4404901, -4449759], [-4409755, -4449039], [-4414514, -4447847], [-4419134, -4446194], [-4423570, -4444096], [-4427779, -4441573], [-4431720, -4438651], [-4435355, -4435355], [-4438651, -4431720], [-4441573, -4427779], [-4444096, -4423570], [-4446194, -4419134], [-4447847, -4414514], [-4449039, -4409755], [-4449759, -4404901], [-4450000, -4400000], [-4450000, 14400000], [-4449759, 14404901], [-4449039, 14409755], [-4447847, 14414514], [-4446194, 14419134], [-4444096, 14423570], [-4441573, 14427779], [-4438651, 14431720], [-4435355, 14435355], [-4431720, 14438651], [-4427779, 14441573], [-4423570, 14444096], [-4419134, 14446194], [-4414514, 14447847], [-4409755, 14449039], [-4404901, 14449759], [-4400000, 14450000], [14400000, 14450000], [14404901, 14449759], [14409755, 14449039], [14414514, 14447847], [14419134, 14446194], [14423570, 14444096], [14427779, 14441573], [14431720, 14438651], [14435355, 14435355], [14438651, 14431720], [14441573, 14427779], [14444096, 14423570], [14446194, 14419134], [14447847, 14414514], [14449039, 14409755], [14449759, 14404901], [14450000, 14400000]]', 'TypeError: __init__(): incompatible constructor arguments. The following argument types are supported:\n    1. orca.host.Polygon()\n\nInvoked with: [[14650000, 14600000], [14650000, -4600000], [14649759, -4604901], [14649039, -4609755], [14647847, -4614514], [14646194, -4619134], [14644096, -4623570], [14641573, -4627779], [14638651, -4631720], [14635355, -4635355], [14631720, -4638651], [14627779, -4641573], [14623570, -4644096], [14619134, -4646194], [14614514, -4647847], [14609755, -4649039], [14604901, -4649759], [14600000, -4650000], [-4600000, -4650000], [-4604901, -4649759], [-4609755, -4649039], [-4614514, -4647847], [-4619134, -4646194], [-4623570, -4644096], [-4627779, -4641573], [-4631720, -4638651], [-4635355, -4635355], [-4638651, -4631720], [-4641573, -4627779], [-4644096, -4623570], [-4646194, -4619134], [-4647847, -4614514], [-4649039, -4609755], [-4649759, -4604901], [-4650000, -4600000], [-4650000, 14600000], [-4649759, 14604901], [-4649039, 14609755], [-4647847, 14614514], [-4646194, 14619134], [-4644096, 14623570], [-4641573, 14627779], [-4638651, 14631720], [-4635355, 14635355], [-4631720, 14638651], [-4627779, 14641573], [-4623570, 14644096], [-4619134, 14646194], [-4614514, 14647847], [-4609755, 14649039], [-4604901, 14649759], [-4600000, 14650000], [14600000, 14650000], [14604901, 14649759], [14609755, 14649039], [14614514, 14647847], [14619134, 14646194], [14623570, 14644096], [14627779, 14641573], [14631720, 14638651], [14635355, 14635355], [14638651, 14631720], [14641573, 14627779], [14644096, 14623570], [14646194, 14619134], [14647847, 14614514], [14649039, 14609755], [14649759, 14604901], [14650000, 14600000]]', 'TypeError: __init__(): incompatible constructor arguments. The following argument types are supported:\n    1. orca.host.Polygon()\n\nInvoked with: [[14850000, 14800000], [14850000, -4800000], [14849759, -4804901], [14849039, -4809755], [14847847, -4814514], [14846194, -4819134], [14844096, -4823570], [14841573, -4827779], [14838651, -4831720], [14835355, -4835355], [14831720, -4838651], [14827779, -4841573], [14823570, -4844096], [14819134, -4846194], [14814514, -4847847], [14809755, -4849039], [14804901, -4849759], [14800000, -4850000], [-4800000, -4850000], [-4804901, -4849759], [-4809755, -4849039], [-4814514, -4847847], [-4819134, -4846194], [-4823570, -4844096], [-4827779, -4841573], [-4831720, -4838651], [-4835355, -4835355], [-4838651, -4831720], [-4841573, -4827779], [-4844096, -4823570], [-4846194, -4819134], [-4847847, -4814514], [-4849039, -4809755], [-4849759, -4804901], [-4850000, -4800000], [-4850000, 14800000], [-4849759, 14804901], [-4849039, 14809755], [-4847847, 14814514], [-4846194, 14819134], [-4844096, 14823570], [-4841573, 14827779], [-4838651, 14831720], [-4835355, 14835355], [-4831720, 14838651], [-4827779, 14841573], [-4823570, 14844096], [-4819134, 14846194], [-4814514, 14847847], [-4809755, 14849039], [-4804901, 14849759], [-4800000, 14850000], [14800000, 14850000], [14804901, 14849759], [14809755, 14849039], [14814514, 14847847], [14819134, 14846194], [14823570, 14844096], [14827779, 14841573], [14831720, 14838651], [14835355, 14835355], [14838651, 14831720], [14841573, 14827779], [14844096, 14823570], [14846194, 14819134], [14847847, 14814514], [14849039, 14809755], [14849759, 14804901], [14850000, 14800000]]', 'TypeError: __init__(): incompatible constructor arguments. The following argument types are supported:\n    1. orca.host.Polygon()\n\nInvoked with: [[-5000000, 5000000], [-5000000, 15000000], [15000000, 15000000], [15000000, -5000000], [5000000, -5000000], [5000000, -5050000], [-5000000, -5050000], [-5004901, -5049759], [-5009755, -5049039], [-5014514, -5047847], [-5019134, -5046194], [-5023570, -5044096], [-5027779, -5041573], [-5031720, -5038651], [-5035355, -5035355], [-5038651, -5031720], [-5041573, -5027779], [-5044096, -5023570], [-5046194, -5019134], [-5047847, -5014514], [-5049039, -5009755], [-5049759, -5004901], [-5050000, -5000000], [-5050000, 5000000], [-5000000, 5000000]]']
2026-10-01 02:05:49  Unlayered Infill v0.3.3: pipeline step 'posDetectOverhangsForLift' seen (not ours, ignored)
2026-10-01 02:05:55  Unlayered Infill v0.3.3: EXPORT STEP RUNNING
                       file         : C:\Users\kamau\AppData\Local\Temp/orcaslicer_model/Thu_Oct_01/02_05_30#18568#107/Metadata\.18568.1.gcode.pp
                       settings     : amplitude='-0.2' frequency=1.5 cell_mm='auto' full_strength=False
2026-10-01 02:05:55  Unlayered Infill: DONE -- the G-code was rewritten
                       layer height : 0.300 mm
                       nozzle       : 0.600 mm
                       grid columns : 0.600 mm (auto: one column per nozzle width)
                       amplitude    : -0.200 mm (fixed value)
                       solid skin   : 11 layer height(s) over 1884 column(s)
                       infill runs  : 97
                       moves waved  : 11520  ->  12432 segment(s)
                       largest Z    : 0.100 mm
                       took         : 0.6 s
                       NOTE: Orca's 3D preview will NOT show this. To see it, drag the exported .gcode back into OrcaSlicer.
2026-10-01 02:05:55  Wave Overhangs v0.0.7: gcode
                       spliced_layers   : 0
                       applied_offset   : [0.0, 0.0]
                       seconds          : 0.042
2026-10-01 02:07:50  Wave Overhangs v0.0.7: plan
                       object           : 176
                       layer_height     : 0.3
                       layers           : 4 planned layer record(s)
                       calibration      : (10.55, -15.0, -15.0)
                       planned_layers   : 4
                       carved_layers    : 0
                       seconds          : 0.023
                       splice_confirmed : True
                       carve_errors     : ['TypeError: __init__(): incompatible constructor arguments. The following argument types are supported:\n    1. orca.host.Polygon()\n\nInvoked with: [[14450000, 14400000], [14450000, -4400000], [14449759, -4404901], [14449039, -4409755], [14447847, -4414514], [14446194, -4419134], [14444096, -4423570], [14441573, -4427779], [14438651, -4431720], [14435355, -4435355], [14431720, -4438651], [14427779, -4441573], [14423570, -4444096], [14419134, -4446194], [14414514, -4447847], [14409755, -4449039], [14404901, -4449759], [14400000, -4450000], [-4400000, -4450000], [-4404901, -4449759], [-4409755, -4449039], [-4414514, -4447847], [-4419134, -4446194], [-4423570, -4444096], [-4427779, -4441573], [-4431720, -4438651], [-4435355, -4435355], [-4438651, -4431720], [-4441573, -4427779], [-4444096, -4423570], [-4446194, -4419134], [-4447847, -4414514], [-4449039, -4409755], [-4449759, -4404901], [-4450000, -4400000], [-4450000, 14400000], [-4449759, 14404901], [-4449039, 14409755], [-4447847, 14414514], [-4446194, 14419134], [-4444096, 14423570], [-4441573, 14427779], [-4438651, 14431720], [-4435355, 14435355], [-4431720, 14438651], [-4427779, 14441573], [-4423570, 14444096], [-4419134, 14446194], [-4414514, 14447847], [-4409755, 14449039], [-4404901, 14449759], [-4400000, 14450000], [14400000, 14450000], [14404901, 14449759], [14409755, 14449039], [14414514, 14447847], [14419134, 14446194], [14423570, 14444096], [14427779, 14441573], [14431720, 14438651], [14435355, 14435355], [14438651, 14431720], [14441573, 14427779], [14444096, 14423570], [14446194, 14419134], [14447847, 14414514], [14449039, 14409755], [14449759, 14404901], [14450000, 14400000]]', 'TypeError: __init__(): incompatible constructor arguments. The following argument types are supported:\n    1. orca.host.Polygon()\n\nInvoked with: [[14650000, 14600000], [14650000, -4600000], [14649759, -4604901], [14649039, -4609755], [14647847, -4614514], [14646194, -4619134], [14644096, -4623570], [14641573, -4627779], [14638651, -4631720], [14635355, -4635355], [14631720, -4638651], [14627779, -4641573], [14623570, -4644096], [14619134, -4646194], [14614514, -4647847], [14609755, -4649039], [14604901, -4649759], [14600000, -4650000], [-4600000, -4650000], [-4604901, -4649759], [-4609755, -4649039], [-4614514, -4647847], [-4619134, -4646194], [-4623570, -4644096], [-4627779, -4641573], [-4631720, -4638651], [-4635355, -4635355], [-4638651, -4631720], [-4641573, -4627779], [-4644096, -4623570], [-4646194, -4619134], [-4647847, -4614514], [-4649039, -4609755], [-4649759, -4604901], [-4650000, -4600000], [-4650000, 14600000], [-4649759, 14604901], [-4649039, 14609755], [-4647847, 14614514], [-4646194, 14619134], [-4644096, 14623570], [-4641573, 14627779], [-4638651, 14631720], [-4635355, 14635355], [-4631720, 14638651], [-4627779, 14641573], [-4623570, 14644096], [-4619134, 14646194], [-4614514, 14647847], [-4609755, 14649039], [-4604901, 14649759], [-4600000, 14650000], [14600000, 14650000], [14604901, 14649759], [14609755, 14649039], [14614514, 14647847], [14619134, 14646194], [14623570, 14644096], [14627779, 14641573], [14631720, 14638651], [14635355, 14635355], [14638651, 14631720], [14641573, 14627779], [14644096, 14623570], [14646194, 14619134], [14647847, 14614514], [14649039, 14609755], [14649759, 14604901], [14650000, 14600000]]', 'TypeError: __init__(): incompatible constructor arguments. The following argument types are supported:\n    1. orca.host.Polygon()\n\nInvoked with: [[14850000, 14800000], [14850000, -4800000], [14849759, -4804901], [14849039, -4809755], [14847847, -4814514], [14846194, -4819134], [14844096, -4823570], [14841573, -4827779], [14838651, -4831720], [14835355, -4835355], [14831720, -4838651], [14827779, -4841573], [14823570, -4844096], [14819134, -4846194], [14814514, -4847847], [14809755, -4849039], [14804901, -4849759], [14800000, -4850000], [-4800000, -4850000], [-4804901, -4849759], [-4809755, -4849039], [-4814514, -4847847], [-4819134, -4846194], [-4823570, -4844096], [-4827779, -4841573], [-4831720, -4838651], [-4835355, -4835355], [-4838651, -4831720], [-4841573, -4827779], [-4844096, -4823570], [-4846194, -4819134], [-4847847, -4814514], [-4849039, -4809755], [-4849759, -4804901], [-4850000, -4800000], [-4850000, 14800000], [-4849759, 14804901], [-4849039, 14809755], [-4847847, 14814514], [-4846194, 14819134], [-4844096, 14823570], [-4841573, 14827779], [-4838651, 14831720], [-4835355, 14835355], [-4831720, 14838651], [-4827779, 14841573], [-4823570, 14844096], [-4819134, 14846194], [-4814514, 14847847], [-4809755, 14849039], [-4804901, 14849759], [-4800000, 14850000], [14800000, 14850000], [14804901, 14849759], [14809755, 14849039], [14814514, 14847847], [14819134, 14846194], [14823570, 14844096], [14827779, 14841573], [14831720, 14838651], [14835355, 14835355], [14838651, 14831720], [14841573, 14827779], [14844096, 14823570], [14846194, 14819134], [14847847, 14814514], [14849039, 14809755], [14849759, 14804901], [14850000, 14800000]]', 'TypeError: __init__(): incompatible constructor arguments. The following argument types are supported:\n    1. orca.host.Polygon()\n\nInvoked with: [[-5000000, 5000000], [-5000000, 15000000], [15000000, 15000000], [15000000, -5000000], [5000000, -5000000], [5000000, -5050000], [-5000000, -5050000], [-5004901, -5049759], [-5009755, -5049039], [-5014514, -5047847], [-5019134, -5046194], [-5023570, -5044096], [-5027779, -5041573], [-5031720, -5038651], [-5035355, -5035355], [-5038651, -5031720], [-5041573, -5027779], [-5044096, -5023570], [-5046194, -5019134], [-5047847, -5014514], [-5049039, -5009755], [-5049759, -5004901], [-5050000, -5000000], [-5050000, 5000000], [-5000000, 5000000]]']
2026-10-01 02:07:54  Wave Overhangs v0.0.7: gcode
                       spliced_layers   : 0
                       applied_offset   : [0.0, 0.0]
                       seconds          : 0.044
2026-10-01 02:20:43  Wave Overhangs v0.0.9 loaded
                       numpy/shapely : ok
2026-10-01 02:20:46  Wave Overhangs v0.0.9: plan
                       object           : 69
                       layer_height     : 0.3
                       layers           : 4 planned layer record(s)
                       calibration      : (10.55, -15.0, -15.0)
                       planned_layers   : 4
                       carved_layers    : 0
                       seconds          : 0.027
                       splice_confirmed : True
                       carve_errors     : ['TypeError: __init__(): incompatible constructor arguments. The following argument types are supported:\n    1. orca.host.Polygon()\n\nInvoked with: [[14450000, 14400000], [14450000, -4400000], [14449759, -4404901], [14449039, -4409755], [14447847, -4414514], [14446194, -4419134], [14444096, -4423570], [14441573, -4427779], [14438651, -4431720], [14435355, -4435355], [14431720, -4438651], [14427779, -4441573], [14423570, -4444096], [14419134, -4446194], [14414514, -4447847], [14409755, -4449039], [14404901, -4449759], [14400000, -4450000], [-4400000, -4450000], [-4404901, -4449759], [-4409755, -4449039], [-4414514, -4447847], [-4419134, -4446194], [-4423570, -4444096], [-4427779, -4441573], [-4431720, -4438651], [-4435355, -4435355], [-4438651, -4431720], [-4441573, -4427779], [-4444096, -4423570], [-4446194, -4419134], [-4447847, -4414514], [-4449039, -4409755], [-4449759, -4404901], [-4450000, -4400000], [-4450000, 14400000], [-4449759, 14404901], [-4449039, 14409755], [-4447847, 14414514], [-4446194, 14419134], [-4444096, 14423570], [-4441573, 14427779], [-4438651, 14431720], [-4435355, 14435355], [-4431720, 14438651], [-4427779, 14441573], [-4423570, 14444096], [-4419134, 14446194], [-4414514, 14447847], [-4409755, 14449039], [-4404901, 14449759], [-4400000, 14450000], [14400000, 14450000], [14404901, 14449759], [14409755, 14449039], [14414514, 14447847], [14419134, 14446194], [14423570, 14444096], [14427779, 14441573], [14431720, 14438651], [14435355, 14435355], [14438651, 14431720], [14441573, 14427779], [14444096, 14423570], [14446194, 14419134], [14447847, 14414514], [14449039, 14409755], [14449759, 14404901], [14450000, 14400000]]', 'TypeError: __init__(): incompatible constructor arguments. The following argument types are supported:\n    1. orca.host.Polygon()\n\nInvoked with: [[14650000, 14600000], [14650000, -4600000], [14649759, -4604901], [14649039, -4609755], [14647847, -4614514], [14646194, -4619134], [14644096, -4623570], [14641573, -4627779], [14638651, -4631720], [14635355, -4635355], [14631720, -4638651], [14627779, -4641573], [14623570, -4644096], [14619134, -4646194], [14614514, -4647847], [14609755, -4649039], [14604901, -4649759], [14600000, -4650000], [-4600000, -4650000], [-4604901, -4649759], [-4609755, -4649039], [-4614514, -4647847], [-4619134, -4646194], [-4623570, -4644096], [-4627779, -4641573], [-4631720, -4638651], [-4635355, -4635355], [-4638651, -4631720], [-4641573, -4627779], [-4644096, -4623570], [-4646194, -4619134], [-4647847, -4614514], [-4649039, -4609755], [-4649759, -4604901], [-4650000, -4600000], [-4650000, 14600000], [-4649759, 14604901], [-4649039, 14609755], [-4647847, 14614514], [-4646194, 14619134], [-4644096, 14623570], [-4641573, 14627779], [-4638651, 14631720], [-4635355, 14635355], [-4631720, 14638651], [-4627779, 14641573], [-4623570, 14644096], [-4619134, 14646194], [-4614514, 14647847], [-4609755, 14649039], [-4604901, 14649759], [-4600000, 14650000], [14600000, 14650000], [14604901, 14649759], [14609755, 14649039], [14614514, 14647847], [14619134, 14646194], [14623570, 14644096], [14627779, 14641573], [14631720, 14638651], [14635355, 14635355], [14638651, 14631720], [14641573, 14627779], [14644096, 14623570], [14646194, 14619134], [14647847, 14614514], [14649039, 14609755], [14649759, 14604901], [14650000, 14600000]]', 'TypeError: __init__(): incompatible constructor arguments. The following argument types are supported:\n    1. orca.host.Polygon()\n\nInvoked with: [[14850000, 14800000], [14850000, -4800000], [14849759, -4804901], [14849039, -4809755], [14847847, -4814514], [14846194, -4819134], [14844096, -4823570], [14841573, -4827779], [14838651, -4831720], [14835355, -4835355], [14831720, -4838651], [14827779, -4841573], [14823570, -4844096], [14819134, -4846194], [14814514, -4847847], [14809755, -4849039], [14804901, -4849759], [14800000, -4850000], [-4800000, -4850000], [-4804901, -4849759], [-4809755, -4849039], [-4814514, -4847847], [-4819134, -4846194], [-4823570, -4844096], [-4827779, -4841573], [-4831720, -4838651], [-4835355, -4835355], [-4838651, -4831720], [-4841573, -4827779], [-4844096, -4823570], [-4846194, -4819134], [-4847847, -4814514], [-4849039, -4809755], [-4849759, -4804901], [-4850000, -4800000], [-4850000, 14800000], [-4849759, 14804901], [-4849039, 14809755], [-4847847, 14814514], [-4846194, 14819134], [-4844096, 14823570], [-4841573, 14827779], [-4838651, 14831720], [-4835355, 14835355], [-4831720, 14838651], [-4827779, 14841573], [-4823570, 14844096], [-4819134, 14846194], [-4814514, 14847847], [-4809755, 14849039], [-4804901, 14849759], [-4800000, 14850000], [14800000, 14850000], [14804901, 14849759], [14809755, 14849039], [14814514, 14847847], [14819134, 14846194], [14823570, 14844096], [14827779, 14841573], [14831720, 14838651], [14835355, 14835355], [14838651, 14831720], [14841573, 14827779], [14844096, 14823570], [14846194, 14819134], [14847847, 14814514], [14849039, 14809755], [14849759, 14804901], [14850000, 14800000]]', 'TypeError: __init__(): incompatible constructor arguments. The following argument types are supported:\n    1. orca.host.Polygon()\n\nInvoked with: [[-5000000, 5000000], [-5000000, 15000000], [15000000, 15000000], [15000000, -5000000], [5000000, -5000000], [5000000, -5050000], [-5000000, -5050000], [-5004901, -5049759], [-5009755, -5049039], [-5014514, -5047847], [-5019134, -5046194], [-5023570, -5044096], [-5027779, -5041573], [-5031720, -5038651], [-5035355, -5035355], [-5038651, -5031720], [-5041573, -5027779], [-5044096, -5023570], [-5046194, -5019134], [-5047847, -5014514], [-5049039, -5009755], [-5049759, -5004901], [-5050000, -5000000], [-5050000, 5000000], [-5000000, 5000000]]']
2026-10-01 02:21:01  Wave Overhangs v0.0.9: gcode
                       first_splice     : False
                       spliced_layers   : 0
                       applied_offset   : [0.0, 0.0]
                       seconds          : 0.046
2026-10-01 02:22:09  Wave Overhangs v0.0.9: plan
                       object           : 126
                       layer_height     : 0.3
                       layers           : 4 planned layer record(s)
                       calibration      : (10.55, -15.0, -15.0)
                       planned_layers   : 4
                       carved_layers    : 0
                       seconds          : 0.024
                       splice_confirmed : True
                       carve_errors     : ['TypeError: __init__(): incompatible constructor arguments. The following argument types are supported:\n    1. orca.host.Polygon()\n\nInvoked with: [[14450000, 14400000], [14450000, -4400000], [14449759, -4404901], [14449039, -4409755], [14447847, -4414514], [14446194, -4419134], [14444096, -4423570], [14441573, -4427779], [14438651, -4431720], [14435355, -4435355], [14431720, -4438651], [14427779, -4441573], [14423570, -4444096], [14419134, -4446194], [14414514, -4447847], [14409755, -4449039], [14404901, -4449759], [14400000, -4450000], [-4400000, -4450000], [-4404901, -4449759], [-4409755, -4449039], [-4414514, -4447847], [-4419134, -4446194], [-4423570, -4444096], [-4427779, -4441573], [-4431720, -4438651], [-4435355, -4435355], [-4438651, -4431720], [-4441573, -4427779], [-4444096, -4423570], [-4446194, -4419134], [-4447847, -4414514], [-4449039, -4409755], [-4449759, -4404901], [-4450000, -4400000], [-4450000, 14400000], [-4449759, 14404901], [-4449039, 14409755], [-4447847, 14414514], [-4446194, 14419134], [-4444096, 14423570], [-4441573, 14427779], [-4438651, 14431720], [-4435355, 14435355], [-4431720, 14438651], [-4427779, 14441573], [-4423570, 14444096], [-4419134, 14446194], [-4414514, 14447847], [-4409755, 14449039], [-4404901, 14449759], [-4400000, 14450000], [14400000, 14450000], [14404901, 14449759], [14409755, 14449039], [14414514, 14447847], [14419134, 14446194], [14423570, 14444096], [14427779, 14441573], [14431720, 14438651], [14435355, 14435355], [14438651, 14431720], [14441573, 14427779], [14444096, 14423570], [14446194, 14419134], [14447847, 14414514], [14449039, 14409755], [14449759, 14404901], [14450000, 14400000]]', 'TypeError: __init__(): incompatible constructor arguments. The following argument types are supported:\n    1. orca.host.Polygon()\n\nInvoked with: [[14650000, 14600000], [14650000, -4600000], [14649759, -4604901], [14649039, -4609755], [14647847, -4614514], [14646194, -4619134], [14644096, -4623570], [14641573, -4627779], [14638651, -4631720], [14635355, -4635355], [14631720, -4638651], [14627779, -4641573], [14623570, -4644096], [14619134, -4646194], [14614514, -4647847], [14609755, -4649039], [14604901, -4649759], [14600000, -4650000], [-4600000, -4650000], [-4604901, -4649759], [-4609755, -4649039], [-4614514, -4647847], [-4619134, -4646194], [-4623570, -4644096], [-4627779, -4641573], [-4631720, -4638651], [-4635355, -4635355], [-4638651, -4631720], [-4641573, -4627779], [-4644096, -4623570], [-4646194, -4619134], [-4647847, -4614514], [-4649039, -4609755], [-4649759, -4604901], [-4650000, -4600000], [-4650000, 14600000], [-4649759, 14604901], [-4649039, 14609755], [-4647847, 14614514], [-4646194, 14619134], [-4644096, 14623570], [-4641573, 14627779], [-4638651, 14631720], [-4635355, 14635355], [-4631720, 14638651], [-4627779, 14641573], [-4623570, 14644096], [-4619134, 14646194], [-4614514, 14647847], [-4609755, 14649039], [-4604901, 14649759], [-4600000, 14650000], [14600000, 14650000], [14604901, 14649759], [14609755, 14649039], [14614514, 14647847], [14619134, 14646194], [14623570, 14644096], [14627779, 14641573], [14631720, 14638651], [14635355, 14635355], [14638651, 14631720], [14641573, 14627779], [14644096, 14623570], [14646194, 14619134], [14647847, 14614514], [14649039, 14609755], [14649759, 14604901], [14650000, 14600000]]', 'TypeError: __init__(): incompatible constructor arguments. The following argument types are supported:\n    1. orca.host.Polygon()\n\nInvoked with: [[14850000, 14800000], [14850000, -4800000], [14849759, -4804901], [14849039, -4809755], [14847847, -4814514], [14846194, -4819134], [14844096, -4823570], [14841573, -4827779], [14838651, -4831720], [14835355, -4835355], [14831720, -4838651], [14827779, -4841573], [14823570, -4844096], [14819134, -4846194], [14814514, -4847847], [14809755, -4849039], [14804901, -4849759], [14800000, -4850000], [-4800000, -4850000], [-4804901, -4849759], [-4809755, -4849039], [-4814514, -4847847], [-4819134, -4846194], [-4823570, -4844096], [-4827779, -4841573], [-4831720, -4838651], [-4835355, -4835355], [-4838651, -4831720], [-4841573, -4827779], [-4844096, -4823570], [-4846194, -4819134], [-4847847, -4814514], [-4849039, -4809755], [-4849759, -4804901], [-4850000, -4800000], [-4850000, 14800000], [-4849759, 14804901], [-4849039, 14809755], [-4847847, 14814514], [-4846194, 14819134], [-4844096, 14823570], [-4841573, 14827779], [-4838651, 14831720], [-4835355, 14835355], [-4831720, 14838651], [-4827779, 14841573], [-4823570, 14844096], [-4819134, 14846194], [-4814514, 14847847], [-4809755, 14849039], [-4804901, 14849759], [-4800000, 14850000], [14800000, 14850000], [14804901, 14849759], [14809755, 14849039], [14814514, 14847847], [14819134, 14846194], [14823570, 14844096], [14827779, 14841573], [14831720, 14838651], [14835355, 14835355], [14838651, 14831720], [14841573, 14827779], [14844096, 14823570], [14846194, 14819134], [14847847, 14814514], [14849039, 14809755], [14849759, 14804901], [14850000, 14800000]]', 'TypeError: __init__(): incompatible constructor arguments. The following argument types are supported:\n    1. orca.host.Polygon()\n\nInvoked with: [[-5000000, 5000000], [-5000000, 15000000], [15000000, 15000000], [15000000, -5000000], [5000000, -5000000], [5000000, -5050000], [-5000000, -5050000], [-5004901, -5049759], [-5009755, -5049039], [-5014514, -5047847], [-5019134, -5046194], [-5023570, -5044096], [-5027779, -5041573], [-5031720, -5038651], [-5035355, -5035355], [-5038651, -5031720], [-5041573, -5027779], [-5044096, -5023570], [-5046194, -5019134], [-5047847, -5014514], [-5049039, -5009755], [-5049759, -5004901], [-5050000, -5000000], [-5050000, 5000000], [-5000000, 5000000]]']
2026-10-01 02:22:09  Unlayered Infill v0.3.4 loaded (engine ok)
2026-10-01 02:22:12  Unlayered Infill v0.3.4: pipeline step 'posSlice' seen (not ours, ignored)
2026-10-01 02:22:12  Unlayered Infill v0.3.4: pipeline step 'posPerimeters' seen (not ours, ignored)
2026-10-01 02:22:12  Unlayered Infill v0.3.4: pipeline step 'posPrepareInfill' seen (not ours, ignored)
2026-10-01 02:22:12  Unlayered Infill v0.3.4: pipeline step 'posInfill' seen (not ours, ignored)
2026-10-01 02:22:12  Unlayered Infill v0.3.4: pipeline step 'posIroning' seen (not ours, ignored)
2026-10-01 02:22:12  Unlayered Infill v0.3.4: pipeline step 'posContouring' seen (not ours, ignored)
2026-10-01 02:22:12  Unlayered Infill v0.3.4: pipeline step 'posSupportMaterial' seen (not ours, ignored)
2026-10-01 02:22:12  Unlayered Infill v0.3.4: pipeline step 'posDetectOverhangsForLift' seen (not ours, ignored)
2026-10-01 02:22:12  Unlayered Infill v0.3.4: pipeline step 'psWipeTower' seen (not ours, ignored)
2026-10-01 02:22:12  Unlayered Infill v0.3.4: pipeline step 'psSkirtBrim' seen (not ours, ignored)
2026-10-01 02:22:12  Unlayered Infill v0.3.4: pipeline step 'posSimplifyPath' seen (not ours, ignored)
2026-10-01 02:22:22  Wave Overhangs v0.0.9: gcode
                       first_splice     : False
                       spliced_layers   : 0
                       applied_offset   : [0.0, 0.0]
                       seconds          : 0.044
2026-10-01 02:22:22  Unlayered Infill v0.3.4: EXPORT STEP RUNNING
                       file         : C:\Users\kamau\AppData\Local\Temp/orcaslicer_model/Thu_Oct_01/02_21_53#14532#99/Metadata\.14532.1.gcode.pp
                       settings     : amplitude='200%' frequency=1.5 cell_mm='auto' full_strength=False
2026-10-01 02:22:25  Unlayered Infill: DONE -- the G-code was rewritten
                       layer height : 0.300 mm
                       nozzle       : 0.600 mm
                       grid columns : 0.600 mm (auto: one column per nozzle width)
                       amplitude    : 200% of layer height 0.300 mm = 0.600 mm
                       solid skin   : 11 layer height(s) over 1884 column(s)
                       infill runs  : 97
                       moves waved  : 11520  ->  12432 segment(s)
                       largest Z    : 0.300 mm
                       took         : 2.7 s
                       NOTE: Orca's 3D preview will NOT show this. To see it, drag the exported .gcode back into OrcaSlicer.
2026-10-01 02:23:45  Wave Overhangs v0.0.9: plan
                       object           : 177
                       layer_height     : 0.3
                       layers           : 4 planned layer record(s)
                       calibration      : (5.45, -7.5, -7.5)
                       planned_layers   : 4
                       carved_layers    : 0
                       seconds          : 0.018
                       splice_confirmed : True
                       carve_errors     : ['TypeError: __init__(): incompatible constructor arguments. The following argument types are supported:\n    1. orca.host.Polygon()\n\nInvoked with: [[6950000, 6900000], [6950000, -1900000], [6949759, -1904901], [6949039, -1909755], [6947847, -1914514], [6946194, -1919134], [6944096, -1923570], [6941573, -1927779], [6938651, -1931720], [6935355, -1935355], [6931720, -1938651], [6927779, -1941573], [6923570, -1944096], [6919134, -1946194], [6914514, -1947847], [6909755, -1949039], [6904901, -1949759], [6900000, -1950000], [-1900000, -1950000], [-1904901, -1949759], [-1909755, -1949039], [-1914514, -1947847], [-1919134, -1946194], [-1923570, -1944096], [-1927779, -1941573], [-1931720, -1938651], [-1935355, -1935355], [-1938651, -1931720], [-1941573, -1927779], [-1944096, -1923570], [-1946194, -1919134], [-1947847, -1914514], [-1949039, -1909755], [-1949759, -1904901], [-1950000, -1900000], [-1950000, 6900000], [-1949759, 6904901], [-1949039, 6909755], [-1947847, 6914514], [-1946194, 6919134], [-1944096, 6923570], [-1941573, 6927779], [-1938651, 6931720], [-1935355, 6935355], [-1931720, 6938651], [-1927779, 6941573], [-1923570, 6944096], [-1919134, 6946194], [-1914514, 6947847], [-1909755, 6949039], [-1904901, 6949759], [-1900000, 6950000], [6900000, 6950000], [6904901, 6949759], [6909755, 6949039], [6914514, 6947847], [6919134, 6946194], [6923570, 6944096], [6927779, 6941573], [6931720, 6938651], [6935355, 6935355], [6938651, 6931720], [6941573, 6927779], [6944096, 6923570], [6946194, 6919134], [6947847, 6914514], [6949039, 6909755], [6949759, 6904901], [6950000, 6900000]]', 'TypeError: __init__(): incompatible constructor arguments. The following argument types are supported:\n    1. orca.host.Polygon()\n\nInvoked with: [[7150000, 7100000], [7150000, -2100000], [7149759, -2104901], [7149039, -2109755], [7147847, -2114514], [7146194, -2119134], [7144096, -2123570], [7141573, -2127779], [7138651, -2131720], [7135355, -2135355], [7131720, -2138651], [7127779, -2141573], [7123570, -2144096], [7119134, -2146194], [7114514, -2147847], [7109755, -2149039], [7104901, -2149759], [7100000, -2150000], [-2100000, -2150000], [-2104901, -2149759], [-2109755, -2149039], [-2114514, -2147847], [-2119134, -2146194], [-2123570, -2144096], [-2127779, -2141573], [-2131720, -2138651], [-2135355, -2135355], [-2138651, -2131720], [-2141573, -2127779], [-2144096, -2123570], [-2146194, -2119134], [-2147847, -2114514], [-2149039, -2109755], [-2149759, -2104901], [-2150000, -2100000], [-2150000, 7100000], [-2149759, 7104901], [-2149039, 7109755], [-2147847, 7114514], [-2146194, 7119134], [-2144096, 7123570], [-2141573, 7127779], [-2138651, 7131720], [-2135355, 7135355], [-2131720, 7138651], [-2127779, 7141573], [-2123570, 7144096], [-2119134, 7146194], [-2114514, 7147847], [-2109755, 7149039], [-2104901, 7149759], [-2100000, 7150000], [7100000, 7150000], [7104901, 7149759], [7109755, 7149039], [7114514, 7147847], [7119134, 7146194], [7123570, 7144096], [7127779, 7141573], [7131720, 7138651], [7135355, 7135355], [7138651, 7131720], [7141573, 7127779], [7144096, 7123570], [7146194, 7119134], [7147847, 7114514], [7149039, 7109755], [7149759, 7104901], [7150000, 7100000]]', 'TypeError: __init__(): incompatible constructor arguments. The following argument types are supported:\n    1. orca.host.Polygon()\n\nInvoked with: [[7350000, 7300000], [7350000, -2300000], [7349759, -2304901], [7349039, -2309755], [7347847, -2314514], [7346194, -2319134], [7344096, -2323570], [7341573, -2327779], [7338651, -2331720], [7335355, -2335355], [7331720, -2338651], [7327779, -2341573], [7323570, -2344096], [7319134, -2346194], [7314514, -2347847], [7309755, -2349039], [7304901, -2349759], [7300000, -2350000], [-2300000, -2350000], [-2304901, -2349759], [-2309755, -2349039], [-2314514, -2347847], [-2319134, -2346194], [-2323570, -2344096], [-2327779, -2341573], [-2331720, -2338651], [-2335355, -2335355], [-2338651, -2331720], [-2341573, -2327779], [-2344096, -2323570], [-2346194, -2319134], [-2347847, -2314514], [-2349039, -2309755], [-2349759, -2304901], [-2350000, -2300000], [-2350000, 7300000], [-2349759, 7304901], [-2349039, 7309755], [-2347847, 7314514], [-2346194, 7319134], [-2344096, 7323570], [-2341573, 7327779], [-2338651, 7331720], [-2335355, 7335355], [-2331720, 7338651], [-2327779, 7341573], [-2323570, 7344096], [-2319134, 7346194], [-2314514, 7347847], [-2309755, 7349039], [-2304901, 7349759], [-2300000, 7350000], [7300000, 7350000], [7304901, 7349759], [7309755, 7349039], [7314514, 7347847], [7319134, 7346194], [7323570, 7344096], [7327779, 7341573], [7331720, 7338651], [7335355, 7335355], [7338651, 7331720], [7341573, 7327779], [7344096, 7323570], [7346194, 7319134], [7347847, 7314514], [7349039, 7309755], [7349759, 7304901], [7350000, 7300000]]', 'TypeError: __init__(): incompatible constructor arguments. The following argument types are supported:\n    1. orca.host.Polygon()\n\nInvoked with: [[-2500000, 2500000], [-2500000, 7500000], [7500000, 7500000], [7500000, -2500000], [2500000, -2500000], [2500000, -2550000], [-2500000, -2550000], [-2504901, -2549759], [-2509755, -2549039], [-2514514, -2547847], [-2519134, -2546194], [-2523570, -2544096], [-2527779, -2541573], [-2531720, -2538651], [-2535355, -2535355], [-2538651, -2531720], [-2541573, -2527779], [-2544096, -2523570], [-2546194, -2519134], [-2547847, -2514514], [-2549039, -2509755], [-2549759, -2504901], [-2550000, -2500000], [-2550000, 2500000], [-2500000, 2500000]]']
2026-10-01 02:28:22  Wave Overhangs v0.0.9: plan
                       object           : 177
                       layer_height     : 0.3
                       layers           : 4 planned layer record(s)
                       calibration      : (5.45, -7.5, -7.5)
                       planned_layers   : 4
                       carved_layers    : 0
                       seconds          : 0.015
                       splice_confirmed : True
                       carve_errors     : ['TypeError: __init__(): incompatible constructor arguments. The following argument types are supported:\n    1. orca.host.Polygon()\n\nInvoked with: [[6950000, 6900000], [6950000, -1900000], [6949759, -1904901], [6949039, -1909755], [6947847, -1914514], [6946194, -1919134], [6944096, -1923570], [6941573, -1927779], [6938651, -1931720], [6935355, -1935355], [6931720, -1938651], [6927779, -1941573], [6923570, -1944096], [6919134, -1946194], [6914514, -1947847], [6909755, -1949039], [6904901, -1949759], [6900000, -1950000], [-1900000, -1950000], [-1904901, -1949759], [-1909755, -1949039], [-1914514, -1947847], [-1919134, -1946194], [-1923570, -1944096], [-1927779, -1941573], [-1931720, -1938651], [-1935355, -1935355], [-1938651, -1931720], [-1941573, -1927779], [-1944096, -1923570], [-1946194, -1919134], [-1947847, -1914514], [-1949039, -1909755], [-1949759, -1904901], [-1950000, -1900000], [-1950000, 6900000], [-1949759, 6904901], [-1949039, 6909755], [-1947847, 6914514], [-1946194, 6919134], [-1944096, 6923570], [-1941573, 6927779], [-1938651, 6931720], [-1935355, 6935355], [-1931720, 6938651], [-1927779, 6941573], [-1923570, 6944096], [-1919134, 6946194], [-1914514, 6947847], [-1909755, 6949039], [-1904901, 6949759], [-1900000, 6950000], [6900000, 6950000], [6904901, 6949759], [6909755, 6949039], [6914514, 6947847], [6919134, 6946194], [6923570, 6944096], [6927779, 6941573], [6931720, 6938651], [6935355, 6935355], [6938651, 6931720], [6941573, 6927779], [6944096, 6923570], [6946194, 6919134], [6947847, 6914514], [6949039, 6909755], [6949759, 6904901], [6950000, 6900000]]', 'TypeError: __init__(): incompatible constructor arguments. The following argument types are supported:\n    1. orca.host.Polygon()\n\nInvoked with: [[7150000, 7100000], [7150000, -2100000], [7149759, -2104901], [7149039, -2109755], [7147847, -2114514], [7146194, -2119134], [7144096, -2123570], [7141573, -2127779], [7138651, -2131720], [7135355, -2135355], [7131720, -2138651], [7127779, -2141573], [7123570, -2144096], [7119134, -2146194], [7114514, -2147847], [7109755, -2149039], [7104901, -2149759], [7100000, -2150000], [-2100000, -2150000], [-2104901, -2149759], [-2109755, -2149039], [-2114514, -2147847], [-2119134, -2146194], [-2123570, -2144096], [-2127779, -2141573], [-2131720, -2138651], [-2135355, -2135355], [-2138651, -2131720], [-2141573, -2127779], [-2144096, -2123570], [-2146194, -2119134], [-2147847, -2114514], [-2149039, -2109755], [-2149759, -2104901], [-2150000, -2100000], [-2150000, 7100000], [-2149759, 7104901], [-2149039, 7109755], [-2147847, 7114514], [-2146194, 7119134], [-2144096, 7123570], [-2141573, 7127779], [-2138651, 7131720], [-2135355, 7135355], [-2131720, 7138651], [-2127779, 7141573], [-2123570, 7144096], [-2119134, 7146194], [-2114514, 7147847], [-2109755, 7149039], [-2104901, 7149759], [-2100000, 7150000], [7100000, 7150000], [7104901, 7149759], [7109755, 7149039], [7114514, 7147847], [7119134, 7146194], [7123570, 7144096], [7127779, 7141573], [7131720, 7138651], [7135355, 7135355], [7138651, 7131720], [7141573, 7127779], [7144096, 7123570], [7146194, 7119134], [7147847, 7114514], [7149039, 7109755], [7149759, 7104901], [7150000, 7100000]]', 'TypeError: __init__(): incompatible constructor arguments. The following argument types are supported:\n    1. orca.host.Polygon()\n\nInvoked with: [[7350000, 7300000], [7350000, -2300000], [7349759, -2304901], [7349039, -2309755], [7347847, -2314514], [7346194, -2319134], [7344096, -2323570], [7341573, -2327779], [7338651, -2331720], [7335355, -2335355], [7331720, -2338651], [7327779, -2341573], [7323570, -2344096], [7319134, -2346194], [7314514, -2347847], [7309755, -2349039], [7304901, -2349759], [7300000, -2350000], [-2300000, -2350000], [-2304901, -2349759], [-2309755, -2349039], [-2314514, -2347847], [-2319134, -2346194], [-2323570, -2344096], [-2327779, -2341573], [-2331720, -2338651], [-2335355, -2335355], [-2338651, -2331720], [-2341573, -2327779], [-2344096, -2323570], [-2346194, -2319134], [-2347847, -2314514], [-2349039, -2309755], [-2349759, -2304901], [-2350000, -2300000], [-2350000, 7300000], [-2349759, 7304901], [-2349039, 7309755], [-2347847, 7314514], [-2346194, 7319134], [-2344096, 7323570], [-2341573, 7327779], [-2338651, 7331720], [-2335355, 7335355], [-2331720, 7338651], [-2327779, 7341573], [-2323570, 7344096], [-2319134, 7346194], [-2314514, 7347847], [-2309755, 7349039], [-2304901, 7349759], [-2300000, 7350000], [7300000, 7350000], [7304901, 7349759], [7309755, 7349039], [7314514, 7347847], [7319134, 7346194], [7323570, 7344096], [7327779, 7341573], [7331720, 7338651], [7335355, 7335355], [7338651, 7331720], [7341573, 7327779], [7344096, 7323570], [7346194, 7319134], [7347847, 7314514], [7349039, 7309755], [7349759, 7304901], [7350000, 7300000]]', 'TypeError: __init__(): incompatible constructor arguments. The following argument types are supported:\n    1. orca.host.Polygon()\n\nInvoked with: [[-2500000, 2500000], [-2500000, 7500000], [7500000, 7500000], [7500000, -2500000], [2500000, -2500000], [2500000, -2550000], [-2500000, -2550000], [-2504901, -2549759], [-2509755, -2549039], [-2514514, -2547847], [-2519134, -2546194], [-2523570, -2544096], [-2527779, -2541573], [-2531720, -2538651], [-2535355, -2535355], [-2538651, -2531720], [-2541573, -2527779], [-2544096, -2523570], [-2546194, -2519134], [-2547847, -2514514], [-2549039, -2509755], [-2549759, -2504901], [-2550000, -2500000], [-2550000, 2500000], [-2500000, 2500000]]']
2026-10-01 02:28:29  Wave Overhangs v0.0.9: gcode
                       first_splice     : False
                       spliced_layers   : 0
                       applied_offset   : [0.0, 0.0]
                       seconds          : 0.021
2026-10-01 02:36:31  Wave Overhangs v0.0.9: plan
                       object           : 219
                       layer_height     : 0.3
                       layers           : 4 planned layer record(s)
                       calibration      : (5.45, -7.5, -7.5)
                       planned_layers   : 4
                       carved_layers    : 0
                       seconds          : 0.013
                       splice_confirmed : True
                       carve_errors     : ['TypeError: __init__(): incompatible constructor arguments. The following argument types are supported:\n    1. orca.host.Polygon()\n\nInvoked with: [[6950000, 6900000], [6950000, -1900000], [6949759, -1904901], [6949039, -1909755], [6947847, -1914514], [6946194, -1919134], [6944096, -1923570], [6941573, -1927779], [6938651, -1931720], [6935355, -1935355], [6931720, -1938651], [6927779, -1941573], [6923570, -1944096], [6919134, -1946194], [6914514, -1947847], [6909755, -1949039], [6904901, -1949759], [6900000, -1950000], [-1900000, -1950000], [-1904901, -1949759], [-1909755, -1949039], [-1914514, -1947847], [-1919134, -1946194], [-1923570, -1944096], [-1927779, -1941573], [-1931720, -1938651], [-1935355, -1935355], [-1938651, -1931720], [-1941573, -1927779], [-1944096, -1923570], [-1946194, -1919134], [-1947847, -1914514], [-1949039, -1909755], [-1949759, -1904901], [-1950000, -1900000], [-1950000, 6900000], [-1949759, 6904901], [-1949039, 6909755], [-1947847, 6914514], [-1946194, 6919134], [-1944096, 6923570], [-1941573, 6927779], [-1938651, 6931720], [-1935355, 6935355], [-1931720, 6938651], [-1927779, 6941573], [-1923570, 6944096], [-1919134, 6946194], [-1914514, 6947847], [-1909755, 6949039], [-1904901, 6949759], [-1900000, 6950000], [6900000, 6950000], [6904901, 6949759], [6909755, 6949039], [6914514, 6947847], [6919134, 6946194], [6923570, 6944096], [6927779, 6941573], [6931720, 6938651], [6935355, 6935355], [6938651, 6931720], [6941573, 6927779], [6944096, 6923570], [6946194, 6919134], [6947847, 6914514], [6949039, 6909755], [6949759, 6904901], [6950000, 6900000]]', 'TypeError: __init__(): incompatible constructor arguments. The following argument types are supported:\n    1. orca.host.Polygon()\n\nInvoked with: [[7150000, 7100000], [7150000, -2100000], [7149759, -2104901], [7149039, -2109755], [7147847, -2114514], [7146194, -2119134], [7144096, -2123570], [7141573, -2127779], [7138651, -2131720], [7135355, -2135355], [7131720, -2138651], [7127779, -2141573], [7123570, -2144096], [7119134, -2146194], [7114514, -2147847], [7109755, -2149039], [7104901, -2149759], [7100000, -2150000], [-2100000, -2150000], [-2104901, -2149759], [-2109755, -2149039], [-2114514, -2147847], [-2119134, -2146194], [-2123570, -2144096], [-2127779, -2141573], [-2131720, -2138651], [-2135355, -2135355], [-2138651, -2131720], [-2141573, -2127779], [-2144096, -2123570], [-2146194, -2119134], [-2147847, -2114514], [-2149039, -2109755], [-2149759, -2104901], [-2150000, -2100000], [-2150000, 7100000], [-2149759, 7104901], [-2149039, 7109755], [-2147847, 7114514], [-2146194, 7119134], [-2144096, 7123570], [-2141573, 7127779], [-2138651, 7131720], [-2135355, 7135355], [-2131720, 7138651], [-2127779, 7141573], [-2123570, 7144096], [-2119134, 7146194], [-2114514, 7147847], [-2109755, 7149039], [-2104901, 7149759], [-2100000, 7150000], [7100000, 7150000], [7104901, 7149759], [7109755, 7149039], [7114514, 7147847], [7119134, 7146194], [7123570, 7144096], [7127779, 7141573], [7131720, 7138651], [7135355, 7135355], [7138651, 7131720], [7141573, 7127779], [7144096, 7123570], [7146194, 7119134], [7147847, 7114514], [7149039, 7109755], [7149759, 7104901], [7150000, 7100000]]', 'TypeError: __init__(): incompatible constructor arguments. The following argument types are supported:\n    1. orca.host.Polygon()\n\nInvoked with: [[7350000, 7300000], [7350000, -2300000], [7349759, -2304901], [7349039, -2309755], [7347847, -2314514], [7346194, -2319134], [7344096, -2323570], [7341573, -2327779], [7338651, -2331720], [7335355, -2335355], [7331720, -2338651], [7327779, -2341573], [7323570, -2344096], [7319134, -2346194], [7314514, -2347847], [7309755, -2349039], [7304901, -2349759], [7300000, -2350000], [-2300000, -2350000], [-2304901, -2349759], [-2309755, -2349039], [-2314514, -2347847], [-2319134, -2346194], [-2323570, -2344096], [-2327779, -2341573], [-2331720, -2338651], [-2335355, -2335355], [-2338651, -2331720], [-2341573, -2327779], [-2344096, -2323570], [-2346194, -2319134], [-2347847, -2314514], [-2349039, -2309755], [-2349759, -2304901], [-2350000, -2300000], [-2350000, 7300000], [-2349759, 7304901], [-2349039, 7309755], [-2347847, 7314514], [-2346194, 7319134], [-2344096, 7323570], [-2341573, 7327779], [-2338651, 7331720], [-2335355, 7335355], [-2331720, 7338651], [-2327779, 7341573], [-2323570, 7344096], [-2319134, 7346194], [-2314514, 7347847], [-2309755, 7349039], [-2304901, 7349759], [-2300000, 7350000], [7300000, 7350000], [7304901, 7349759], [7309755, 7349039], [7314514, 7347847], [7319134, 7346194], [7323570, 7344096], [7327779, 7341573], [7331720, 7338651], [7335355, 7335355], [7338651, 7331720], [7341573, 7327779], [7344096, 7323570], [7346194, 7319134], [7347847, 7314514], [7349039, 7309755], [7349759, 7304901], [7350000, 7300000]]', 'TypeError: __init__(): incompatible constructor arguments. The following argument types are supported:\n    1. orca.host.Polygon()\n\nInvoked with: [[-2500000, 2500000], [-2500000, 7500000], [7500000, 7500000], [7500000, -2500000], [2500000, -2500000], [2500000, -2550000], [-2500000, -2550000], [-2504901, -2549759], [-2509755, -2549039], [-2514514, -2547847], [-2519134, -2546194], [-2523570, -2544096], [-2527779, -2541573], [-2531720, -2538651], [-2535355, -2535355], [-2538651, -2531720], [-2541573, -2527779], [-2544096, -2523570], [-2546194, -2519134], [-2547847, -2514514], [-2549039, -2509755], [-2549759, -2504901], [-2550000, -2500000], [-2550000, 2500000], [-2500000, 2500000]]']
2026-10-01 02:36:45  Wave Overhangs v0.0.9: gcode
                       first_splice     : False
                       spliced_layers   : 0
                       applied_offset   : [0.0, 0.0]
                       seconds          : 0.02
